******************************************************************************
                  TI ARM Linker PC v20.2.2                     
******************************************************************************
>> Linked Mon Dec 21 16:16:57 2020

OUTPUT FILE NAME:   <Project002.out>
ENTRY POINT SYMBOL: "_c_int00_noargs"  address: 0000606d


MEMORY CONFIGURATION

         name            origin    length      used     unused   attr    fill
----------------------  --------  ---------  --------  --------  ----  --------
  FLASH                 00000000   00040000  00008384  00037c7c  R  X
  SRAM                  20000000   00008000  00001d15  000062eb  RW X


SEGMENT ALLOCATION MAP

run origin  load origin   length   init length attrs members
----------  ----------- ---------- ----------- ----- -------
00000000    00000000    00008388   00008388    r-x
  00000000    00000000    0000026c   0000026c    r-- .intvecs
  0000026c    0000026c    00006088   00006088    r-x .text
  000062f8    000062f8    00001cf0   00001cf0    r-- .const
  00007fe8    00007fe8    000003a0   000003a0    r-- .cinit
20000000    20000000    00001d18   00000000    rw-
  20000000    20000000    0000026c   00000000    rw- .vtable
  2000026c    2000026c    00000e58   00000000    rw- .bss
  200010c4    200010c4    00000a51   00000000    rw- .data
  20001b18    20001b18    00000200   00000000    rw- .stack


SECTION ALLOCATION MAP

 output                                  attributes/
section   page    origin      length       input sections
--------  ----  ----------  ----------   ----------------
.intvecs   0    00000000    0000026c     
                  00000000    0000026c     tm4c123gh6pm_startup_ccs.obj (.intvecs)

.text      0    0000026c    00006088     
                  0000026c    000012fc     main.obj (.text)
                  00001568    00000dc8     ui.obj (.text)
                  00002330    000009c0     rtsv7M4_T_le_v4SPD16_eabi.lib : e_pow.c.obj (.text:pow)
                  00002cf0    00000738                                   : k_rem_pio2.c.obj (.text:__kernel_rem_pio2)
                  00003428    00000668     uc1701.obj (.text)
                  00003a90    000005dc     rtsv7M4_T_le_v4SPD16_eabi.lib : s_cos.c.obj (.text:cos)
                  0000406c    000005c4                                   : s_sin.c.obj (.text:sin)
                  00004630    00000524     kfft.obj (.text)
                  00004b54    000001b6     rtsv7M4_T_le_v4SPD16_eabi.lib : fd_add_t2.asm.obj (.text)
                  00004d0a    00000002     --HOLE-- [fill = 0]
                  00004d0c    00000174                                   : k_sin.c.obj (.text:__kernel_sin)
                  00004e80    0000016c                                   : k_cos.c.obj (.text:__kernel_cos)
                  00004fec    00000158                                   : e_sqrt.c.obj (.text:sqrt)
                  00005144    00000136                                   : fd_div_t2.asm.obj (.text)
                  0000527a    00000132     driverlib.lib : gpio.obj (.text:GPIOPadConfigSet)
                  000053ac    00000110                   : sysctl.obj (.text:SysCtlClockGet)
                  000054bc    00000110     rtsv7M4_T_le_v4SPD16_eabi.lib : s_scalbn.c.obj (.text:scalbn)
                  000055cc    000000fc                                   : fd_mul_t2.asm.obj (.text)
                  000056c8    000000f8                                   : s_floor.c.obj (.text:floor)
                  000057c0    000000f4     driverlib.lib : sysctl.obj (.text:SysCtlClockSet)
                  000058b4    0000009c     rtsv7M4_T_le_v4SPD16_eabi.lib : memcpy_t2.asm.obj (.text)
                  00005950    00000086                                   : fd_cmp_t2.asm.obj (.text:__aeabi_cdcmple)
                  000059d6    00000086                                   : fd_cmp_t2.asm.obj (.text:__aeabi_cdrcmple)
                  00005a5c    0000007a     driverlib.lib : adc.obj (.text:ADCSequenceStepConfigure)
                  00005ad6    0000007a     rtsv7M4_T_le_v4SPD16_eabi.lib : memset_t2.asm.obj (.text)
                  00005b50    0000006e                                   : fd_tos_t2.asm.obj (.text)
                  00005bbe    00000002     --HOLE-- [fill = 0]
                  00005bc0    00000068     driverlib.lib : interrupt.obj (.text:IntEnable)
                  00005c28    00000068     rtsv7M4_T_le_v4SPD16_eabi.lib : copy_decompress_lzss.c.obj (.text:decompress:lzss:__TI_decompress_lzss)
                  00005c90    00000060     driverlib.lib : timer.obj (.text:TimerConfigure)
                  00005cf0    00000056                   : gpio.obj (.text:GPIOIntTypeSet)
                  00005d46    00000050                   : adc.obj (.text:ADCSequenceConfigure)
                  00005d96    00000002     --HOLE-- [fill = 0]
                  00005d98    00000050                   : adc.obj (.text:_ADCIntNumberGet)
                  00005de8    0000004c                   : timer.obj (.text:_TimerIntNumberGet)
                  00005e34    00000048                   : gpio.obj (.text:GPIOPinConfigure)
                  00005e7c    00000048     rtsv7M4_T_le_v4SPD16_eabi.lib : fd_toi_t2.asm.obj (.text)
                  00005ec4    00000044     driverlib.lib : gpio.obj (.text:_GPIOIntNumberGet)
                  00005f08    00000044     rtsv7M4_T_le_v4SPD16_eabi.lib : autoinit.c.obj (.text:__TI_auto_init_nobinit_nopinit:__TI_auto_init_nobinit_nopinit)
                  00005f4c    00000044                                   : fd_tou_t2.asm.obj (.text)
                  00005f90    0000003c     driverlib.lib : ssi.obj (.text:SSIConfigSetExpClk)
                  00005fcc    00000038     rtsv7M4_T_le_v4SPD16_eabi.lib : fs_tod_t2.asm.obj (.text)
                  00006004    00000034     driverlib.lib : interrupt.obj (.text:IntRegister)
                  00006038    00000034                   : sysctl.obj (.text:SysCtlPeripheralEnable)
                  0000606c    00000034     rtsv7M4_T_le_v4SPD16_eabi.lib : boot_cortex_m.c.obj (.text:_c_int00_noargs:_c_int00_noargs)
                  000060a0    0000002e                                   : i_tofd_t2.asm.obj (.text)
                  000060ce    0000002a     driverlib.lib : gpio.obj (.text:GPIODirModeSet)
                  000060f8    00000024     rtsv7M4_T_le_v4SPD16_eabi.lib : memcmp.c.obj (.text:memcmp)
                  0000611c    0000001e     driverlib.lib : adc.obj (.text:ADCSequenceDataGet)
                  0000613a    0000001a     rtsv7M4_T_le_v4SPD16_eabi.lib : s_copysign.c.obj (.text:copysign)
                  00006154    00000018     driverlib.lib : adc.obj (.text:ADCIntRegister)
                  0000616c    00000018                   : adc.obj (.text:ADCProcessorTrigger)
                  00006184    00000018                   : gpio.obj (.text:GPIOIntRegister)
                  0000619c    00000018                   : gpio.obj (.text:GPIOPinTypeGPIOOutput)
                  000061b4    00000018                   : timer.obj (.text:TimerIntRegister)
                  000061cc    00000014     rtsv7M4_T_le_v4SPD16_eabi.lib : strlen.c.obj (.text:strlen)
                  000061e0    00000012     driverlib.lib : gpio.obj (.text:GPIOPinTypeADC)
                  000061f2    00000012                   : gpio.obj (.text:GPIOPinTypeGPIOInput)
                  00006204    00000012                   : gpio.obj (.text:GPIOPinTypeSSI)
                  00006216    00000012                   : gpio.obj (.text:GPIOPinTypeTimer)
                  00006228    00000012                   : timer.obj (.text:TimerLoadSet)
                  0000623a    00000010                   : adc.obj (.text:ADCIntEnable)
                  0000624a    0000000e                   : adc.obj (.text:ADCSequenceEnable)
                  00006258    0000000e                   : timer.obj (.text:TimerEnable)
                  00006266    0000000e     rtsv7M4_T_le_v4SPD16_eabi.lib : copy_decompress_none.c.obj (.text:decompress:none:__TI_decompress_none)
                  00006274    0000000c     driverlib.lib : gpio.obj (.text:GPIOIntEnable)
                  00006280    0000000c     rtsv7M4_T_le_v4SPD16_eabi.lib : copy_zero_init.c.obj (.text:decompress:ZI:__TI_zero_init)
                  0000628c    0000000c     tm4c123gh6pm_startup_ccs.obj (.text)
                  00006298    0000000a     driverlib.lib : adc.obj (.text:ADCIntClear)
                  000062a2    0000000a                   : ssi.obj (.text:SSIDataPut)
                  000062ac    0000000a                   : ssi.obj (.text:SSIEnable)
                  000062b6    00000008                   : ssi.obj (.text:SSIBusy)
                  000062be    00000008                   : timer.obj (.text:TimerIntEnable)
                  000062c6    00000002     --HOLE-- [fill = 0]
                  000062c8    00000008     rtsv7M4_T_le_v4SPD16_eabi.lib : errno.c.obj (.text:__aeabi_errno_addr)
                  000062d0    00000006     driverlib.lib : gpio.obj (.text:GPIOIntClear)
                  000062d6    00000006                   : gpio.obj (.text:GPIOPinRead)
                  000062dc    00000006                   : gpio.obj (.text:GPIOPinWrite)
                  000062e2    00000006                   : sysctl.obj (.text:SysCtlDelay)
                  000062e8    00000004                   : timer.obj (.text:TimerIntClear)
                  000062ec    00000004     rtsv7M4_T_le_v4SPD16_eabi.lib : pre_init.c.obj (.text:_system_pre_init)
                  000062f0    00000004                                   : exit.c.obj (.text:abort:abort)

.const     0    000062f8    00001cf0     
                  000062f8    00000d5c     ui.obj (.const:asc2_2412)
                  00007054    000005f0     ui.obj (.const:asc2_1608)
                  00007644    00000474     ui.obj (.const:asc2_1206)
                  00007ab8    00000158     rtsv7M4_T_le_v4SPD16_eabi.lib : k_rem_pio2.c.obj (.const:$O1$$)
                  00007c10    000000d8     driverlib.lib : gpio.obj (.const:g_ppui32GPIOIntMapSnowflake)
                  00007ce8    000000c0                   : gpio.obj (.const:g_ppui32GPIOIntMapBlizzard)
                  00007da8    00000090                   : gpio.obj (.const:g_pui32GPIOBaseAddrs)
                  00007e38    00000070                   : interrupt.obj (.const)
                  00007ea8    0000006c                   : sysctl.obj (.const:g_pui32Xtals)
                  00007f14    00000060                   : timer.obj (.const:g_ppui32TimerIntMap)
                  00007f74    00000040                   : timer.obj (.const:g_ppui32TimerIntMapSnowflake)
                  00007fb4    00000004     ui.obj (.const:.string:$P$T0$2)
                  00007fb8    00000030     rtsv7M4_T_le_v4SPD16_eabi.lib : e_pow.c.obj (.const:$O1$$)

.cinit     0    00007fe8    000003a0     
                  00007fe8    00000365     (.cinit..data.load) [load image, compression = lzss]
                  0000834d    00000003     --HOLE-- [fill = 0]
                  00008350    0000000c     (__TI_handler_table)
                  0000835c    00000004     --HOLE-- [fill = 0]
                  00008360    00000008     (.cinit..bss.load) [load image, compression = zero_init]
                  00008368    00000008     (.cinit..vtable.load) [load image, compression = zero_init]
                  00008370    00000018     (__TI_cinit_table)

.init_array 
*          0    00000000    00000000     UNINITIALIZED

.vtable    0    20000000    0000026c     UNINITIALIZED
                  20000000    0000026c     driverlib.lib : interrupt.obj (.vtable)

.bss       0    2000026c    00000e58     UNINITIALIZED
                  2000026c    00000200     (.common:curt_a)
                  2000046c    00000200     (.common:f_a)
                  2000066c    00000200     (.common:fi_a)
                  2000086c    00000200     (.common:fr_a)
                  20000a6c    00000200     (.common:pi_a)
                  20000c6c    00000200     (.common:pr_a)
                  20000e6c    00000200     (.common:vol_a)
                  2000106c    00000020     (.common:pui32ADC0Value)
                  2000108c    00000004     (.common:P)
                  20001090    00000004     (.common:Q)
                  20001094    00000004     (.common:S)
                  20001098    00000004     (.common:cosfai)
                  2000109c    00000004     (.common:fr_perct_a3)
                  200010a0    00000004     (.common:fr_perct_a3_1)
                  200010a4    00000004     (.common:fr_perct_a3_2)
                  200010a8    00000004     (.common:fr_perct_a5)
                  200010ac    00000004     (.common:fr_perct_a5_1)
                  200010b0    00000004     (.common:fr_perct_a5_2)
                  200010b4    00000004     (.common:i)
                  200010b8    00000004     (.common:period)
                  200010bc    00000004     (.common:times)
                  200010c0    00000004     (.common:times_in_times)

.data      0    200010c4    00000a51     UNINITIALIZED
                  200010c4    000005f0     uc1701.obj (.data:Ascii)
                  200016b4    00000400     ui.obj (.data:GRAM)
                  20001ab4    00000050     main.obj (.data)
                  20001b04    0000000c     ui.obj (.data)
                  20001b10    00000004     rtsv7M4_T_le_v4SPD16_eabi.lib : errno.c.obj (.data)
                  20001b14    00000001     uc1701.obj (.data)

.stack     0    20001b18    00000200     UNINITIALIZED
                  20001b18    00000004     rtsv7M4_T_le_v4SPD16_eabi.lib : boot_cortex_m.c.obj (.stack)
                  20001b1c    000001fc     --HOLE--

__llvm_prf_cnts 
*          0    20000000    00000000     UNINITIALIZED

MODULE SUMMARY

       Module                         code    ro data   rw data
       ------                         ----    -------   -------
    .\
       ui.obj                         3528    6084      1036   
       main.obj                       4860    0         3752   
       uc1701.obj                     1640    0         1521   
       kfft.obj                       1316    0         0      
       tm4c123gh6pm_startup_ccs.obj   12      620       0      
    +--+------------------------------+-------+---------+---------+
       Total:                         11356   6704      6309   
                                                               
    C:/ti/TivaWare_C_Series-2.1.4.178/driverlib/ccs/Debug/driverlib.lib
       gpio.obj                       724     552       0      
       interrupt.obj                  156     112       620    
       sysctl.obj                     574     108       0      
       adc.obj                        400     0         0      
       timer.obj                      240     160       0      
       ssi.obj                        88      0         0      
    +--+------------------------------+-------+---------+---------+
       Total:                         2182    932       620    
                                                               
    C:\ti\ccsv6\tools\compiler\ti-cgt-arm_20.2.2.LTS\lib\rtsv7M4_T_le_v4SPD16_eabi.lib
       e_pow.c.obj                    2496    48        0      
       k_rem_pio2.c.obj               1848    344       0      
       s_cos.c.obj                    1500    0         0      
       s_sin.c.obj                    1476    0         0      
       fd_add_t2.asm.obj              438     0         0      
       k_sin.c.obj                    372     0         0      
       k_cos.c.obj                    364     0         0      
       e_sqrt.c.obj                   344     0         0      
       fd_div_t2.asm.obj              310     0         0      
       s_scalbn.c.obj                 272     0         0      
       fd_cmp_t2.asm.obj              268     0         0      
       fd_mul_t2.asm.obj              252     0         0      
       s_floor.c.obj                  248     0         0      
       memcpy_t2.asm.obj              156     0         0      
       memset_t2.asm.obj              122     0         0      
       fd_tos_t2.asm.obj              110     0         0      
       copy_decompress_lzss.c.obj     104     0         0      
       fd_toi_t2.asm.obj              72      0         0      
       autoinit.c.obj                 68      0         0      
       fd_tou_t2.asm.obj              68      0         0      
       fs_tod_t2.asm.obj              56      0         0      
       boot_cortex_m.c.obj            52      0         0      
       i_tofd_t2.asm.obj              46      0         0      
       memcmp.c.obj                   36      0         0      
       s_copysign.c.obj               26      0         0      
       strlen.c.obj                   20      0         0      
       copy_decompress_none.c.obj     14      0         0      
       copy_zero_init.c.obj           12      0         0      
       errno.c.obj                    8       0         4      
       exit.c.obj                     4       0         0      
       pre_init.c.obj                 4       0         0      
    +--+------------------------------+-------+---------+---------+
       Total:                         11166   392       4      
                                                               
       Stack:                         0       0         512    
       Linker Generated:              0       921       0      
    +--+------------------------------+-------+---------+---------+
       Grand Total:                   24704   8949      7445   


LINKER GENERATED COPY TABLES

__TI_cinit_table @ 00008370 records: 3, size/record: 8, table size: 24
	.data: load addr=00007fe8, load size=00000365 bytes, run addr=200010c4, run size=00000a51 bytes, compression=lzss
	.bss: load addr=00008360, load size=00000008 bytes, run addr=2000026c, run size=00000e58 bytes, compression=zero_init
	.vtable: load addr=00008368, load size=00000008 bytes, run addr=20000000, run size=0000026c bytes, compression=zero_init


LINKER GENERATED HANDLER TABLE

__TI_handler_table @ 00008350 records: 3, size/record: 4, table size: 12
	index: 0, handler: __TI_zero_init
	index: 1, handler: __TI_decompress_lzss
	index: 2, handler: __TI_decompress_none


GLOBAL SYMBOLS: SORTED ALPHABETICALLY BY Name 

address   name                          
-------   ----                          
000009c1  ADC0Sequence0Handler          
00006299  ADCIntClear                   
0000623b  ADCIntEnable                  
00006155  ADCIntRegister                
0000616d  ADCProcessorTrigger           
00005d47  ADCSequenceConfigure          
0000611d  ADCSequenceDataGet            
0000624b  ADCSequenceEnable             
00005a5d  ADCSequenceStepConfigure      
00000ac7  ADC_Init                      
200010c4  Ascii                         
000062f1  C$$EXIT                       
000060cf  GPIODirModeSet                
000062d1  GPIOIntClear                  
00006275  GPIOIntEnable                 
00006185  GPIOIntRegister               
00005cf1  GPIOIntTypeSet                
0000527b  GPIOPadConfigSet              
00005e35  GPIOPinConfigure              
000062d7  GPIOPinRead                   
000061e1  GPIOPinTypeADC                
000061f3  GPIOPinTypeGPIOInput          
0000619d  GPIOPinTypeGPIOOutput         
00006205  GPIOPinTypeSSI                
00006217  GPIOPinTypeTimer              
000062dd  GPIOPinWrite                  
200016b4  GRAM                          
00005bc1  IntEnable                     
00006005  IntRegister                   
0000090d  KeyIntHandler                 
00000b9d  LCD_Init                      
2000108c  P                             
0000056f  Pvalue                        
20001090  Q                             
000005bd  Qvalue                        
0000628d  ResetISR                      
20001094  S                             
000062b7  SSIBusy                       
00005f91  SSIConfigSetExpClk            
000062a3  SSIDataPut                    
000062ad  SSIEnable                     
00000541  Svalue                        
000053ad  SysCtlClockGet                
000057c1  SysCtlClockSet                
000062e3  SysCtlDelay                   
00006039  SysCtlPeripheralEnable        
00000a29  Timer1IntHandler              
00000a61  Timer2IntHandler              
00005c91  TimerConfigure                
00006259  TimerEnable                   
000062e9  TimerIntClear                 
000062bf  TimerIntEnable                
000061b5  TimerIntRegister              
00006229  TimerLoadSet                  
00000b25  Timer_Init                    
000035d5  UC1701AddressSet              
00003a07  UC1701AllPixelOnDisable       
000039fd  UC1701AllPixelOnEnable        
00003a4f  UC1701BRSet                   
000037b1  UC1701CharDispaly             
00003805  UC1701ChineseDispaly          
0000398b  UC1701Clear                   
00003535  UC1701CmdWrite                
00003a77  UC1701ComDirSet               
000034f3  UC1701DataWrite               
00003619  UC1701Dispaly                 
000038ed  UC1701DisplayN                
00003a1b  UC1701DisplayOff              
00003a11  UC1701DisplayOn               
00003577  UC1701DoubleCmdWrite          
00003443  UC1701Init                    
000039f5  UC1701InverseDisable          
000036e1  UC1701InverseDispaly          
000039ed  UC1701InverseEnable           
00003a3d  UC1701PMSet                   
00003a25  UC1701ScrollLineSet           
00003a63  UC1701SegDirSet               
20001d18  __STACK_END                   
00000200  __STACK_SIZE                  
20001d18  __STACK_TOP                   
00008370  __TI_CINIT_Base               
00008388  __TI_CINIT_Limit              
00008350  __TI_Handler_Table_Base       
0000835c  __TI_Handler_Table_Limit      
00005f09  __TI_auto_init_nobinit_nopinit
00005c29  __TI_decompress_lzss          
00006267  __TI_decompress_none          
ffffffff  __TI_pprof_out_hndl           
ffffffff  __TI_prof_data_size           
ffffffff  __TI_prof_data_start          
00000000  __TI_static_base__            
00006281  __TI_zero_init                
00005951  __aeabi_cdcmpeq               
00005951  __aeabi_cdcmple               
000059d7  __aeabi_cdrcmple              
00005b51  __aeabi_d2f                   
00005e7d  __aeabi_d2iz                  
00005f4d  __aeabi_d2uiz                 
00004b5f  __aeabi_dadd                  
00005145  __aeabi_ddiv                  
000055cd  __aeabi_dmul                  
00004b55  __aeabi_dsub                  
000062c9  __aeabi_errno_addr            
00005fcd  __aeabi_f2d                   
000060a1  __aeabi_i2d                   
00005ad7  __aeabi_memclr                
00005ad7  __aeabi_memclr4               
00005ad7  __aeabi_memclr8               
000058b5  __aeabi_memcpy                
000058b5  __aeabi_memcpy4               
000058b5  __aeabi_memcpy8               
00005ad9  __aeabi_memset                
00005ad9  __aeabi_memset4               
00005ad9  __aeabi_memset8               
ffffffff  __binit__                     
ffffffff  __c_args__                    
00004e81  __kernel_cos                  
00002cf1  __kernel_rem_pio2             
00004d0d  __kernel_sin                  
UNDEFED   __mpu_init                    
20001b18  __stack                       
20000000  __start___llvm_prf_cnts       
20000000  __stop___llvm_prf_cnts        
0000606d  _c_int00_noargs               
UNDEFED   _system_post_cinit            
000062ed  _system_pre_init              
000062f1  abort                         
00007644  asc2_1206                     
00007054  asc2_1608                     
000062f8  asc2_2412                     
ffffffff  binit                         
20001ab8  cishu                         
0000613b  copysign                      
0000613b  copysignl                     
00003a91  cos                           
20001098  cosfai                        
20001af0  cosfai_1                      
20001af4  cosfai_2                      
0000048b  cosfaivalue                   
00003a91  cosl                          
2000026c  curt_a                        
20001ae4  curt_effa                     
20001adc  curt_effa_1                   
20001ae0  curt_effa_2                   
20001ae8  curt_effb                     
20001aec  curt_effc                     
20001ac0  eff_times                     
20001ac4  eff_times_1                   
00000317  eff_value_i                   
0000026d  eff_value_u                   
20001b10  errno                         
2000046c  f_a                           
2000066c  fi_a                          
00000631  find_fr_perct3                
00000771  find_fr_perct5                
00000415  find_max                      
000003c1  find_max_i                    
000056c9  floor                         
000056c9  floorl                        
2000086c  fr_a                          
2000109c  fr_perct_a3                   
200010a0  fr_perct_a3_1                 
200010a4  fr_perct_a3_2                 
200010a8  fr_perct_a5                   
200010ac  fr_perct_a5_1                 
200010b0  fr_perct_a5_2                 
20001b08  g_first_displayer             
20001b04  g_first_key                   
20000000  g_pfnRAMVectors               
00000000  g_pfnVectors                  
20001af8  harm_1                        
20001afc  harm_3                        
20001b00  harm_5                        
200010b4  i                             
20001b14  inverse_factor                
00004631  kfft                          
00000951  lcd_get                       
000054bd  ldexp                         
000054bd  ldexpl                        
00000c31  main                          
000060f9  memcmp                        
000058b5  memcpy                        
00005adf  memset                        
00000467  offset                        
20001ab4  page                          
200010b8  period                        
20000a6c  pi_a                          
00002331  pow                           
00002331  powl                          
20000c6c  pr_a                          
2000106c  pui32ADC0Value                
000054bd  scalbn                        
000054bd  scalbnl                       
0000406d  sin                           
0000406d  sinl                          
00004fed  sqrt                          
00004fed  sqrtl                         
000061cd  strlen                        
20001abc  tiaoshi                       
200010bc  times                         
200010c0  times_in_times                
0000160b  uiDisplayClear                
00001a49  uiDisplayDrawBlock            
00001d85  uiDisplayDrawCircle           
000019e5  uiDisplayDrawFrame            
00001785  uiDisplayDrawLine             
000016f3  uiDisplayDrawPoint            
00001be5  uiDisplayEraseBlock           
00001737  uiDisplayErasePoint           
000015fb  uiDisplayInit                 
00001edb  uiDisplayShowChar             
00002003  uiDisplayShowString           
00001677  uiDisplayerRefresh            
00001613  uiGRAMClear                   
00001569  uiKeyInit                     
000015df  uiKeysRefresh                 
20000e6c  vol_a                         
20001ac8  vol_effa                      
20001ad4  vol_effa_1                    
20001ad8  vol_effa_2                    
20001acc  vol_effb                      
20001ad0  vol_effc                      


GLOBAL SYMBOLS: SORTED BY Symbol Address 

address   name                          
-------   ----                          
00000000  __TI_static_base__            
00000000  g_pfnVectors                  
00000200  __STACK_SIZE                  
0000026d  eff_value_u                   
00000317  eff_value_i                   
000003c1  find_max_i                    
00000415  find_max                      
00000467  offset                        
0000048b  cosfaivalue                   
00000541  Svalue                        
0000056f  Pvalue                        
000005bd  Qvalue                        
00000631  find_fr_perct3                
00000771  find_fr_perct5                
0000090d  KeyIntHandler                 
00000951  lcd_get                       
000009c1  ADC0Sequence0Handler          
00000a29  Timer1IntHandler              
00000a61  Timer2IntHandler              
00000ac7  ADC_Init                      
00000b25  Timer_Init                    
00000b9d  LCD_Init                      
00000c31  main                          
00001569  uiKeyInit                     
000015df  uiKeysRefresh                 
000015fb  uiDisplayInit                 
0000160b  uiDisplayClear                
00001613  uiGRAMClear                   
00001677  uiDisplayerRefresh            
000016f3  uiDisplayDrawPoint            
00001737  uiDisplayErasePoint           
00001785  uiDisplayDrawLine             
000019e5  uiDisplayDrawFrame            
00001a49  uiDisplayDrawBlock            
00001be5  uiDisplayEraseBlock           
00001d85  uiDisplayDrawCircle           
00001edb  uiDisplayShowChar             
00002003  uiDisplayShowString           
00002331  pow                           
00002331  powl                          
00002cf1  __kernel_rem_pio2             
00003443  UC1701Init                    
000034f3  UC1701DataWrite               
00003535  UC1701CmdWrite                
00003577  UC1701DoubleCmdWrite          
000035d5  UC1701AddressSet              
00003619  UC1701Dispaly                 
000036e1  UC1701InverseDispaly          
000037b1  UC1701CharDispaly             
00003805  UC1701ChineseDispaly          
000038ed  UC1701DisplayN                
0000398b  UC1701Clear                   
000039ed  UC1701InverseEnable           
000039f5  UC1701InverseDisable          
000039fd  UC1701AllPixelOnEnable        
00003a07  UC1701AllPixelOnDisable       
00003a11  UC1701DisplayOn               
00003a1b  UC1701DisplayOff              
00003a25  UC1701ScrollLineSet           
00003a3d  UC1701PMSet                   
00003a4f  UC1701BRSet                   
00003a63  UC1701SegDirSet               
00003a77  UC1701ComDirSet               
00003a91  cos                           
00003a91  cosl                          
0000406d  sin                           
0000406d  sinl                          
00004631  kfft                          
00004b55  __aeabi_dsub                  
00004b5f  __aeabi_dadd                  
00004d0d  __kernel_sin                  
00004e81  __kernel_cos                  
00004fed  sqrt                          
00004fed  sqrtl                         
00005145  __aeabi_ddiv                  
0000527b  GPIOPadConfigSet              
000053ad  SysCtlClockGet                
000054bd  ldexp                         
000054bd  ldexpl                        
000054bd  scalbn                        
000054bd  scalbnl                       
000055cd  __aeabi_dmul                  
000056c9  floor                         
000056c9  floorl                        
000057c1  SysCtlClockSet                
000058b5  __aeabi_memcpy                
000058b5  __aeabi_memcpy4               
000058b5  __aeabi_memcpy8               
000058b5  memcpy                        
00005951  __aeabi_cdcmpeq               
00005951  __aeabi_cdcmple               
000059d7  __aeabi_cdrcmple              
00005a5d  ADCSequenceStepConfigure      
00005ad7  __aeabi_memclr                
00005ad7  __aeabi_memclr4               
00005ad7  __aeabi_memclr8               
00005ad9  __aeabi_memset                
00005ad9  __aeabi_memset4               
00005ad9  __aeabi_memset8               
00005adf  memset                        
00005b51  __aeabi_d2f                   
00005bc1  IntEnable                     
00005c29  __TI_decompress_lzss          
00005c91  TimerConfigure                
00005cf1  GPIOIntTypeSet                
00005d47  ADCSequenceConfigure          
00005e35  GPIOPinConfigure              
00005e7d  __aeabi_d2iz                  
00005f09  __TI_auto_init_nobinit_nopinit
00005f4d  __aeabi_d2uiz                 
00005f91  SSIConfigSetExpClk            
00005fcd  __aeabi_f2d                   
00006005  IntRegister                   
00006039  SysCtlPeripheralEnable        
0000606d  _c_int00_noargs               
000060a1  __aeabi_i2d                   
000060cf  GPIODirModeSet                
000060f9  memcmp                        
0000611d  ADCSequenceDataGet            
0000613b  copysign                      
0000613b  copysignl                     
00006155  ADCIntRegister                
0000616d  ADCProcessorTrigger           
00006185  GPIOIntRegister               
0000619d  GPIOPinTypeGPIOOutput         
000061b5  TimerIntRegister              
000061cd  strlen                        
000061e1  GPIOPinTypeADC                
000061f3  GPIOPinTypeGPIOInput          
00006205  GPIOPinTypeSSI                
00006217  GPIOPinTypeTimer              
00006229  TimerLoadSet                  
0000623b  ADCIntEnable                  
0000624b  ADCSequenceEnable             
00006259  TimerEnable                   
00006267  __TI_decompress_none          
00006275  GPIOIntEnable                 
00006281  __TI_zero_init                
0000628d  ResetISR                      
00006299  ADCIntClear                   
000062a3  SSIDataPut                    
000062ad  SSIEnable                     
000062b7  SSIBusy                       
000062bf  TimerIntEnable                
000062c9  __aeabi_errno_addr            
000062d1  GPIOIntClear                  
000062d7  GPIOPinRead                   
000062dd  GPIOPinWrite                  
000062e3  SysCtlDelay                   
000062e9  TimerIntClear                 
000062ed  _system_pre_init              
000062f1  C$$EXIT                       
000062f1  abort                         
000062f8  asc2_2412                     
00007054  asc2_1608                     
00007644  asc2_1206                     
00008350  __TI_Handler_Table_Base       
0000835c  __TI_Handler_Table_Limit      
00008370  __TI_CINIT_Base               
00008388  __TI_CINIT_Limit              
20000000  __start___llvm_prf_cnts       
20000000  __stop___llvm_prf_cnts        
20000000  g_pfnRAMVectors               
2000026c  curt_a                        
2000046c  f_a                           
2000066c  fi_a                          
2000086c  fr_a                          
20000a6c  pi_a                          
20000c6c  pr_a                          
20000e6c  vol_a                         
2000106c  pui32ADC0Value                
2000108c  P                             
20001090  Q                             
20001094  S                             
20001098  cosfai                        
2000109c  fr_perct_a3                   
200010a0  fr_perct_a3_1                 
200010a4  fr_perct_a3_2                 
200010a8  fr_perct_a5                   
200010ac  fr_perct_a5_1                 
200010b0  fr_perct_a5_2                 
200010b4  i                             
200010b8  period                        
200010bc  times                         
200010c0  times_in_times                
200010c4  Ascii                         
200016b4  GRAM                          
20001ab4  page                          
20001ab8  cishu                         
20001abc  tiaoshi                       
20001ac0  eff_times                     
20001ac4  eff_times_1                   
20001ac8  vol_effa                      
20001acc  vol_effb                      
20001ad0  vol_effc                      
20001ad4  vol_effa_1                    
20001ad8  vol_effa_2                    
20001adc  curt_effa_1                   
20001ae0  curt_effa_2                   
20001ae4  curt_effa                     
20001ae8  curt_effb                     
20001aec  curt_effc                     
20001af0  cosfai_1                      
20001af4  cosfai_2                      
20001af8  harm_1                        
20001afc  harm_3                        
20001b00  harm_5                        
20001b04  g_first_key                   
20001b08  g_first_displayer             
20001b10  errno                         
20001b14  inverse_factor                
20001b18  __stack                       
20001d18  __STACK_END                   
20001d18  __STACK_TOP                   
ffffffff  __TI_pprof_out_hndl           
ffffffff  __TI_prof_data_size           
ffffffff  __TI_prof_data_start          
ffffffff  __binit__                     
ffffffff  __c_args__                    
ffffffff  binit                         
UNDEFED   __mpu_init                    
UNDEFED   _system_post_cinit            

[222 symbols]
