<?xml version="1.0" encoding="ISO-8859-1" ?>
<link_info>
   <banner>TI ARM Linker PC v20.2.2.LTS</banner>
   <copyright>Copyright (c) 1996-2018 Texas Instruments Incorporated</copyright>
   <link_time>0x5fe059f9</link_time>
   <link_errors>0x0</link_errors>
   <output_file>Project002.out</output_file>
   <entry_point>
      <name>_c_int00_noargs</name>
      <address>0x606d</address>
   </entry_point>
   <input_file_list>
      <input_file id="fl-2">
         <path>.\</path>
         <kind>object</kind>
         <file>kfft.obj</file>
         <name>kfft.obj</name>
      </input_file>
      <input_file id="fl-3">
         <path>.\</path>
         <kind>object</kind>
         <file>main.obj</file>
         <name>main.obj</name>
      </input_file>
      <input_file id="fl-4">
         <path>.\</path>
         <kind>object</kind>
         <file>tm4c123gh6pm_startup_ccs.obj</file>
         <name>tm4c123gh6pm_startup_ccs.obj</name>
      </input_file>
      <input_file id="fl-5">
         <path>.\</path>
         <kind>object</kind>
         <file>uc1701.obj</file>
         <name>uc1701.obj</name>
      </input_file>
      <input_file id="fl-6">
         <path>.\</path>
         <kind>object</kind>
         <file>ui.obj</file>
         <name>ui.obj</name>
      </input_file>
      <input_file id="fl-b">
         <kind>object</kind>
         <file>&lt;internal&gt;</file>
         <name>&lt;internal&gt;</name>
      </input_file>
      <input_file id="fl-c">
         <path>C:\ti\TivaWare_C_Series-2.1.4.178\driverlib\ccs\Debug\</path>
         <kind>archive</kind>
         <file>driverlib.lib</file>
         <name>adc.obj</name>
      </input_file>
      <input_file id="fl-d">
         <path>C:\ti\TivaWare_C_Series-2.1.4.178\driverlib\ccs\Debug\</path>
         <kind>archive</kind>
         <file>driverlib.lib</file>
         <name>gpio.obj</name>
      </input_file>
      <input_file id="fl-e">
         <path>C:\ti\TivaWare_C_Series-2.1.4.178\driverlib\ccs\Debug\</path>
         <kind>archive</kind>
         <file>driverlib.lib</file>
         <name>interrupt.obj</name>
      </input_file>
      <input_file id="fl-f">
         <path>C:\ti\TivaWare_C_Series-2.1.4.178\driverlib\ccs\Debug\</path>
         <kind>archive</kind>
         <file>driverlib.lib</file>
         <name>ssi.obj</name>
      </input_file>
      <input_file id="fl-10">
         <path>C:\ti\TivaWare_C_Series-2.1.4.178\driverlib\ccs\Debug\</path>
         <kind>archive</kind>
         <file>driverlib.lib</file>
         <name>sysctl.obj</name>
      </input_file>
      <input_file id="fl-11">
         <path>C:\ti\TivaWare_C_Series-2.1.4.178\driverlib\ccs\Debug\</path>
         <kind>archive</kind>
         <file>driverlib.lib</file>
         <name>timer.obj</name>
      </input_file>
      <input_file id="fl-12">
         <path>C:\ti\TivaWare_C_Series-2.1.4.178\driverlib\ccs\Debug\</path>
         <kind>archive</kind>
         <file>driverlib.lib</file>
         <name>cpu.obj</name>
      </input_file>
      <input_file id="fl-c8">
         <path>C:\ti\ccsv6\tools\compiler\ti-cgt-arm_20.2.2.LTS\lib\</path>
         <kind>archive</kind>
         <file>rtsv7M4_T_le_v4SPD16_eabi.lib</file>
         <name>e_pow.c.obj</name>
      </input_file>
      <input_file id="fl-c9">
         <path>C:\ti\ccsv6\tools\compiler\ti-cgt-arm_20.2.2.LTS\lib\</path>
         <kind>archive</kind>
         <file>rtsv7M4_T_le_v4SPD16_eabi.lib</file>
         <name>e_sqrt.c.obj</name>
      </input_file>
      <input_file id="fl-ca">
         <path>C:\ti\ccsv6\tools\compiler\ti-cgt-arm_20.2.2.LTS\lib\</path>
         <kind>archive</kind>
         <file>rtsv7M4_T_le_v4SPD16_eabi.lib</file>
         <name>s_cos.c.obj</name>
      </input_file>
      <input_file id="fl-cb">
         <path>C:\ti\ccsv6\tools\compiler\ti-cgt-arm_20.2.2.LTS\lib\</path>
         <kind>archive</kind>
         <file>rtsv7M4_T_le_v4SPD16_eabi.lib</file>
         <name>s_floor.c.obj</name>
      </input_file>
      <input_file id="fl-cc">
         <path>C:\ti\ccsv6\tools\compiler\ti-cgt-arm_20.2.2.LTS\lib\</path>
         <kind>archive</kind>
         <file>rtsv7M4_T_le_v4SPD16_eabi.lib</file>
         <name>s_scalbn.c.obj</name>
      </input_file>
      <input_file id="fl-cd">
         <path>C:\ti\ccsv6\tools\compiler\ti-cgt-arm_20.2.2.LTS\lib\</path>
         <kind>archive</kind>
         <file>rtsv7M4_T_le_v4SPD16_eabi.lib</file>
         <name>s_sin.c.obj</name>
      </input_file>
      <input_file id="fl-ce">
         <path>C:\ti\ccsv6\tools\compiler\ti-cgt-arm_20.2.2.LTS\lib\</path>
         <kind>archive</kind>
         <file>rtsv7M4_T_le_v4SPD16_eabi.lib</file>
         <name>s_copysign.c.obj</name>
      </input_file>
      <input_file id="fl-cf">
         <path>C:\ti\ccsv6\tools\compiler\ti-cgt-arm_20.2.2.LTS\lib\</path>
         <kind>archive</kind>
         <file>rtsv7M4_T_le_v4SPD16_eabi.lib</file>
         <name>fd_add_t2.asm.obj</name>
      </input_file>
      <input_file id="fl-d0">
         <path>C:\ti\ccsv6\tools\compiler\ti-cgt-arm_20.2.2.LTS\lib\</path>
         <kind>archive</kind>
         <file>rtsv7M4_T_le_v4SPD16_eabi.lib</file>
         <name>fd_cmp_t2.asm.obj</name>
      </input_file>
      <input_file id="fl-d1">
         <path>C:\ti\ccsv6\tools\compiler\ti-cgt-arm_20.2.2.LTS\lib\</path>
         <kind>archive</kind>
         <file>rtsv7M4_T_le_v4SPD16_eabi.lib</file>
         <name>fd_div_t2.asm.obj</name>
      </input_file>
      <input_file id="fl-d2">
         <path>C:\ti\ccsv6\tools\compiler\ti-cgt-arm_20.2.2.LTS\lib\</path>
         <kind>archive</kind>
         <file>rtsv7M4_T_le_v4SPD16_eabi.lib</file>
         <name>fd_mul_t2.asm.obj</name>
      </input_file>
      <input_file id="fl-d3">
         <path>C:\ti\ccsv6\tools\compiler\ti-cgt-arm_20.2.2.LTS\lib\</path>
         <kind>archive</kind>
         <file>rtsv7M4_T_le_v4SPD16_eabi.lib</file>
         <name>fd_toi_t2.asm.obj</name>
      </input_file>
      <input_file id="fl-d4">
         <path>C:\ti\ccsv6\tools\compiler\ti-cgt-arm_20.2.2.LTS\lib\</path>
         <kind>archive</kind>
         <file>rtsv7M4_T_le_v4SPD16_eabi.lib</file>
         <name>fd_tos_t2.asm.obj</name>
      </input_file>
      <input_file id="fl-d5">
         <path>C:\ti\ccsv6\tools\compiler\ti-cgt-arm_20.2.2.LTS\lib\</path>
         <kind>archive</kind>
         <file>rtsv7M4_T_le_v4SPD16_eabi.lib</file>
         <name>fd_tou_t2.asm.obj</name>
      </input_file>
      <input_file id="fl-d6">
         <path>C:\ti\ccsv6\tools\compiler\ti-cgt-arm_20.2.2.LTS\lib\</path>
         <kind>archive</kind>
         <file>rtsv7M4_T_le_v4SPD16_eabi.lib</file>
         <name>fs_tod_t2.asm.obj</name>
      </input_file>
      <input_file id="fl-d7">
         <path>C:\ti\ccsv6\tools\compiler\ti-cgt-arm_20.2.2.LTS\lib\</path>
         <kind>archive</kind>
         <file>rtsv7M4_T_le_v4SPD16_eabi.lib</file>
         <name>i_tofd_t2.asm.obj</name>
      </input_file>
      <input_file id="fl-d8">
         <path>C:\ti\ccsv6\tools\compiler\ti-cgt-arm_20.2.2.LTS\lib\</path>
         <kind>archive</kind>
         <file>rtsv7M4_T_le_v4SPD16_eabi.lib</file>
         <name>copy_zero_init.c.obj</name>
      </input_file>
      <input_file id="fl-d9">
         <path>C:\ti\ccsv6\tools\compiler\ti-cgt-arm_20.2.2.LTS\lib\</path>
         <kind>archive</kind>
         <file>rtsv7M4_T_le_v4SPD16_eabi.lib</file>
         <name>copy_decompress_none.c.obj</name>
      </input_file>
      <input_file id="fl-da">
         <path>C:\ti\ccsv6\tools\compiler\ti-cgt-arm_20.2.2.LTS\lib\</path>
         <kind>archive</kind>
         <file>rtsv7M4_T_le_v4SPD16_eabi.lib</file>
         <name>copy_decompress_lzss.c.obj</name>
      </input_file>
      <input_file id="fl-db">
         <path>C:\ti\ccsv6\tools\compiler\ti-cgt-arm_20.2.2.LTS\lib\</path>
         <kind>archive</kind>
         <file>rtsv7M4_T_le_v4SPD16_eabi.lib</file>
         <name>k_rem_pio2.c.obj</name>
      </input_file>
      <input_file id="fl-dc">
         <path>C:\ti\ccsv6\tools\compiler\ti-cgt-arm_20.2.2.LTS\lib\</path>
         <kind>archive</kind>
         <file>rtsv7M4_T_le_v4SPD16_eabi.lib</file>
         <name>memcmp.c.obj</name>
      </input_file>
      <input_file id="fl-dd">
         <path>C:\ti\ccsv6\tools\compiler\ti-cgt-arm_20.2.2.LTS\lib\</path>
         <kind>archive</kind>
         <file>rtsv7M4_T_le_v4SPD16_eabi.lib</file>
         <name>strlen.c.obj</name>
      </input_file>
      <input_file id="fl-de">
         <path>C:\ti\ccsv6\tools\compiler\ti-cgt-arm_20.2.2.LTS\lib\</path>
         <kind>archive</kind>
         <file>rtsv7M4_T_le_v4SPD16_eabi.lib</file>
         <name>boot_cortex_m.c.obj</name>
      </input_file>
      <input_file id="fl-df">
         <path>C:\ti\ccsv6\tools\compiler\ti-cgt-arm_20.2.2.LTS\lib\</path>
         <kind>archive</kind>
         <file>rtsv7M4_T_le_v4SPD16_eabi.lib</file>
         <name>errno.c.obj</name>
      </input_file>
      <input_file id="fl-e0">
         <path>C:\ti\ccsv6\tools\compiler\ti-cgt-arm_20.2.2.LTS\lib\</path>
         <kind>archive</kind>
         <file>rtsv7M4_T_le_v4SPD16_eabi.lib</file>
         <name>k_cos.c.obj</name>
      </input_file>
      <input_file id="fl-e1">
         <path>C:\ti\ccsv6\tools\compiler\ti-cgt-arm_20.2.2.LTS\lib\</path>
         <kind>archive</kind>
         <file>rtsv7M4_T_le_v4SPD16_eabi.lib</file>
         <name>k_sin.c.obj</name>
      </input_file>
      <input_file id="fl-e2">
         <path>C:\ti\ccsv6\tools\compiler\ti-cgt-arm_20.2.2.LTS\lib\</path>
         <kind>archive</kind>
         <file>rtsv7M4_T_le_v4SPD16_eabi.lib</file>
         <name>memcpy_t2.asm.obj</name>
      </input_file>
      <input_file id="fl-e3">
         <path>C:\ti\ccsv6\tools\compiler\ti-cgt-arm_20.2.2.LTS\lib\</path>
         <kind>archive</kind>
         <file>rtsv7M4_T_le_v4SPD16_eabi.lib</file>
         <name>memset_t2.asm.obj</name>
      </input_file>
      <input_file id="fl-e4">
         <path>C:\ti\ccsv6\tools\compiler\ti-cgt-arm_20.2.2.LTS\lib\</path>
         <kind>archive</kind>
         <file>rtsv7M4_T_le_v4SPD16_eabi.lib</file>
         <name>autoinit.c.obj</name>
      </input_file>
      <input_file id="fl-e5">
         <path>C:\ti\ccsv6\tools\compiler\ti-cgt-arm_20.2.2.LTS\lib\</path>
         <kind>archive</kind>
         <file>rtsv7M4_T_le_v4SPD16_eabi.lib</file>
         <name>pre_init.c.obj</name>
      </input_file>
      <input_file id="fl-e6">
         <path>C:\ti\ccsv6\tools\compiler\ti-cgt-arm_20.2.2.LTS\lib\</path>
         <kind>archive</kind>
         <file>rtsv7M4_T_le_v4SPD16_eabi.lib</file>
         <name>cpy_tbl.c.obj</name>
      </input_file>
      <input_file id="fl-e7">
         <path>C:\ti\ccsv6\tools\compiler\ti-cgt-arm_20.2.2.LTS\lib\</path>
         <kind>archive</kind>
         <file>rtsv7M4_T_le_v4SPD16_eabi.lib</file>
         <name>exit.c.obj</name>
      </input_file>
      <input_file id="fl-e8">
         <path>C:\ti\ccsv6\tools\compiler\ti-cgt-arm_20.2.2.LTS\lib\</path>
         <kind>archive</kind>
         <file>rtsv7M4_T_le_v4SPD16_eabi.lib</file>
         <name>_lock.c.obj</name>
      </input_file>
      <input_file id="fl-e9">
         <path>C:\ti\ccsv6\tools\compiler\ti-cgt-arm_20.2.2.LTS\lib\</path>
         <kind>archive</kind>
         <file>rtsv7M4_T_le_v4SPD16_eabi.lib</file>
         <name>args_main.c.obj</name>
      </input_file>
   </input_file_list>
   <object_component_list>
      <object_component id="oc-12">
         <name>.intvecs</name>
         <load_address>0x0</load_address>
         <run_address>0x0</run_address>
         <size>0x26c</size>
         <input_file_ref idref="fl-4"/>
      </object_component>
      <object_component id="oc-9b">
         <name>.text</name>
         <load_address>0x26c</load_address>
         <run_address>0x26c</run_address>
         <size>0x12fc</size>
         <input_file_ref idref="fl-3"/>
      </object_component>
      <object_component id="oc-1b4">
         <name>.text</name>
         <load_address>0x1568</load_address>
         <run_address>0x1568</run_address>
         <size>0xdc8</size>
         <input_file_ref idref="fl-6"/>
      </object_component>
      <object_component id="oc-c8">
         <name>.text:pow</name>
         <load_address>0x2330</load_address>
         <run_address>0x2330</run_address>
         <size>0x9c0</size>
         <input_file_ref idref="fl-c8"/>
      </object_component>
      <object_component id="oc-249">
         <name>.text:__kernel_rem_pio2</name>
         <load_address>0x2cf0</load_address>
         <run_address>0x2cf0</run_address>
         <size>0x738</size>
         <input_file_ref idref="fl-db"/>
      </object_component>
      <object_component id="oc-1a4">
         <name>.text</name>
         <load_address>0x3428</load_address>
         <run_address>0x3428</run_address>
         <size>0x668</size>
         <input_file_ref idref="fl-5"/>
      </object_component>
      <object_component id="oc-f7">
         <name>.text:cos</name>
         <load_address>0x3a90</load_address>
         <run_address>0x3a90</run_address>
         <size>0x5dc</size>
         <input_file_ref idref="fl-ca"/>
      </object_component>
      <object_component id="oc-304">
         <name>.text:sin</name>
         <load_address>0x406c</load_address>
         <run_address>0x406c</run_address>
         <size>0x5c4</size>
         <input_file_ref idref="fl-cd"/>
      </object_component>
      <object_component id="oc-1ba">
         <name>.text</name>
         <load_address>0x4630</load_address>
         <run_address>0x4630</run_address>
         <size>0x524</size>
         <input_file_ref idref="fl-2"/>
      </object_component>
      <object_component id="oc-d3">
         <name>.text</name>
         <load_address>0x4b54</load_address>
         <run_address>0x4b54</run_address>
         <size>0x1b6</size>
         <input_file_ref idref="fl-cf"/>
      </object_component>
      <object_component id="oc-24f">
         <name>.text:__kernel_sin</name>
         <load_address>0x4d0c</load_address>
         <run_address>0x4d0c</run_address>
         <size>0x174</size>
         <input_file_ref idref="fl-e1"/>
      </object_component>
      <object_component id="oc-243">
         <name>.text:__kernel_cos</name>
         <load_address>0x4e80</load_address>
         <run_address>0x4e80</run_address>
         <size>0x16c</size>
         <input_file_ref idref="fl-e0"/>
      </object_component>
      <object_component id="oc-dd">
         <name>.text:sqrt</name>
         <load_address>0x4fec</load_address>
         <run_address>0x4fec</run_address>
         <size>0x158</size>
         <input_file_ref idref="fl-c9"/>
      </object_component>
      <object_component id="oc-ce">
         <name>.text</name>
         <load_address>0x5144</load_address>
         <run_address>0x5144</run_address>
         <size>0x136</size>
         <input_file_ref idref="fl-d1"/>
      </object_component>
      <object_component id="oc-126">
         <name>.text:GPIOPadConfigSet</name>
         <load_address>0x527a</load_address>
         <run_address>0x527a</run_address>
         <size>0x132</size>
         <input_file_ref idref="fl-d"/>
      </object_component>
      <object_component id="oc-2aa">
         <name>.text:SysCtlClockGet</name>
         <load_address>0x53ac</load_address>
         <run_address>0x53ac</run_address>
         <size>0x110</size>
         <input_file_ref idref="fl-10"/>
      </object_component>
      <object_component id="oc-22c">
         <name>.text:scalbn</name>
         <load_address>0x54bc</load_address>
         <run_address>0x54bc</run_address>
         <size>0x110</size>
         <input_file_ref idref="fl-cc"/>
      </object_component>
      <object_component id="oc-e8">
         <name>.text</name>
         <load_address>0x55cc</load_address>
         <run_address>0x55cc</run_address>
         <size>0xfc</size>
         <input_file_ref idref="fl-d2"/>
      </object_component>
      <object_component id="oc-1cb">
         <name>.text:floor</name>
         <load_address>0x56c8</load_address>
         <run_address>0x56c8</run_address>
         <size>0xf8</size>
         <input_file_ref idref="fl-cb"/>
      </object_component>
      <object_component id="oc-1ae">
         <name>.text:SysCtlClockSet</name>
         <load_address>0x57c0</load_address>
         <run_address>0x57c0</run_address>
         <size>0xf4</size>
         <input_file_ref idref="fl-10"/>
      </object_component>
      <object_component id="oc-3b">
         <name>.text</name>
         <load_address>0x58b4</load_address>
         <run_address>0x58b4</run_address>
         <size>0x9c</size>
         <input_file_ref idref="fl-e2"/>
      </object_component>
      <object_component id="oc-ed">
         <name>.text:__aeabi_cdcmple</name>
         <load_address>0x5950</load_address>
         <run_address>0x5950</run_address>
         <size>0x86</size>
         <input_file_ref idref="fl-d0"/>
      </object_component>
      <object_component id="oc-103">
         <name>.text:__aeabi_cdrcmple</name>
         <load_address>0x59d6</load_address>
         <run_address>0x59d6</run_address>
         <size>0x86</size>
         <input_file_ref idref="fl-d0"/>
      </object_component>
      <object_component id="oc-15c">
         <name>.text:ADCSequenceStepConfigure</name>
         <load_address>0x5a5c</load_address>
         <run_address>0x5a5c</run_address>
         <size>0x7a</size>
         <input_file_ref idref="fl-c"/>
      </object_component>
      <object_component id="oc-8f">
         <name>.text</name>
         <load_address>0x5ad6</load_address>
         <run_address>0x5ad6</run_address>
         <size>0x7a</size>
         <input_file_ref idref="fl-e3"/>
      </object_component>
      <object_component id="oc-e3">
         <name>.text</name>
         <load_address>0x5b50</load_address>
         <run_address>0x5b50</run_address>
         <size>0x6e</size>
         <input_file_ref idref="fl-d4"/>
      </object_component>
      <object_component id="oc-16e">
         <name>.text:IntEnable</name>
         <load_address>0x5bc0</load_address>
         <run_address>0x5bc0</run_address>
         <size>0x68</size>
         <input_file_ref idref="fl-e"/>
      </object_component>
      <object_component id="oc-15">
         <name>.text:decompress:lzss:__TI_decompress_lzss</name>
         <load_address>0x5c28</load_address>
         <run_address>0x5c28</run_address>
         <size>0x68</size>
         <input_file_ref idref="fl-da"/>
      </object_component>
      <object_component id="oc-186">
         <name>.text:TimerConfigure</name>
         <load_address>0x5c90</load_address>
         <run_address>0x5c90</run_address>
         <size>0x60</size>
         <input_file_ref idref="fl-11"/>
      </object_component>
      <object_component id="oc-12c">
         <name>.text:GPIOIntTypeSet</name>
         <load_address>0x5cf0</load_address>
         <run_address>0x5cf0</run_address>
         <size>0x56</size>
         <input_file_ref idref="fl-d"/>
      </object_component>
      <object_component id="oc-156">
         <name>.text:ADCSequenceConfigure</name>
         <load_address>0x5d46</load_address>
         <run_address>0x5d46</run_address>
         <size>0x50</size>
         <input_file_ref idref="fl-c"/>
      </object_component>
      <object_component id="oc-28c">
         <name>.text:_ADCIntNumberGet</name>
         <load_address>0x5d98</load_address>
         <run_address>0x5d98</run_address>
         <size>0x50</size>
         <input_file_ref idref="fl-c"/>
      </object_component>
      <object_component id="oc-2a1">
         <name>.text:_TimerIntNumberGet</name>
         <load_address>0x5de8</load_address>
         <run_address>0x5de8</run_address>
         <size>0x4c</size>
         <input_file_ref idref="fl-11"/>
      </object_component>
      <object_component id="oc-180">
         <name>.text:GPIOPinConfigure</name>
         <load_address>0x5e34</load_address>
         <run_address>0x5e34</run_address>
         <size>0x48</size>
         <input_file_ref idref="fl-d"/>
      </object_component>
      <object_component id="oc-d8">
         <name>.text</name>
         <load_address>0x5e7c</load_address>
         <run_address>0x5e7c</run_address>
         <size>0x48</size>
         <input_file_ref idref="fl-d3"/>
      </object_component>
      <object_component id="oc-26b">
         <name>.text:_GPIOIntNumberGet</name>
         <load_address>0x5ec4</load_address>
         <run_address>0x5ec4</run_address>
         <size>0x44</size>
         <input_file_ref idref="fl-d"/>
      </object_component>
      <object_component id="oc-1e9">
         <name>.text:__TI_auto_init_nobinit_nopinit:__TI_auto_init_nobinit_nopinit</name>
         <load_address>0x5f08</load_address>
         <run_address>0x5f08</run_address>
         <size>0x44</size>
         <input_file_ref idref="fl-e4"/>
      </object_component>
      <object_component id="oc-1d1">
         <name>.text</name>
         <load_address>0x5f4c</load_address>
         <run_address>0x5f4c</run_address>
         <size>0x44</size>
         <input_file_ref idref="fl-d5"/>
      </object_component>
      <object_component id="oc-2bd">
         <name>.text:SSIConfigSetExpClk</name>
         <load_address>0x5f90</load_address>
         <run_address>0x5f90</run_address>
         <size>0x3c</size>
         <input_file_ref idref="fl-f"/>
      </object_component>
      <object_component id="oc-f2">
         <name>.text</name>
         <load_address>0x5fcc</load_address>
         <run_address>0x5fcc</run_address>
         <size>0x38</size>
         <input_file_ref idref="fl-d6"/>
      </object_component>
      <object_component id="oc-271">
         <name>.text:IntRegister</name>
         <load_address>0x6004</load_address>
         <run_address>0x6004</run_address>
         <size>0x34</size>
         <input_file_ref idref="fl-e"/>
      </object_component>
      <object_component id="oc-114">
         <name>.text:SysCtlPeripheralEnable</name>
         <load_address>0x6038</load_address>
         <run_address>0x6038</run_address>
         <size>0x34</size>
         <input_file_ref idref="fl-10"/>
      </object_component>
      <object_component id="oc-59">
         <name>.text:_c_int00_noargs:_c_int00_noargs</name>
         <load_address>0x606c</load_address>
         <run_address>0x606c</run_address>
         <size>0x34</size>
         <input_file_ref idref="fl-de"/>
      </object_component>
      <object_component id="oc-c3">
         <name>.text</name>
         <load_address>0x60a0</load_address>
         <run_address>0x60a0</run_address>
         <size>0x2e</size>
         <input_file_ref idref="fl-d7"/>
      </object_component>
      <object_component id="oc-278">
         <name>.text:GPIODirModeSet</name>
         <load_address>0x60ce</load_address>
         <run_address>0x60ce</run_address>
         <size>0x2a</size>
         <input_file_ref idref="fl-d"/>
      </object_component>
      <object_component id="oc-2f9">
         <name>.text:memcmp</name>
         <load_address>0x60f8</load_address>
         <run_address>0x60f8</run_address>
         <size>0x24</size>
         <input_file_ref idref="fl-dc"/>
      </object_component>
      <object_component id="oc-13e">
         <name>.text:ADCSequenceDataGet</name>
         <load_address>0x611c</load_address>
         <run_address>0x611c</run_address>
         <size>0x1e</size>
         <input_file_ref idref="fl-c"/>
      </object_component>
      <object_component id="oc-335">
         <name>.text:copysign</name>
         <load_address>0x613a</load_address>
         <run_address>0x613a</run_address>
         <size>0x1a</size>
         <input_file_ref idref="fl-ce"/>
      </object_component>
      <object_component id="oc-162">
         <name>.text:ADCIntRegister</name>
         <load_address>0x6154</load_address>
         <run_address>0x6154</run_address>
         <size>0x18</size>
         <input_file_ref idref="fl-c"/>
      </object_component>
      <object_component id="oc-14a">
         <name>.text:ADCProcessorTrigger</name>
         <load_address>0x616c</load_address>
         <run_address>0x616c</run_address>
         <size>0x18</size>
         <input_file_ref idref="fl-c"/>
      </object_component>
      <object_component id="oc-11a">
         <name>.text:GPIOIntRegister</name>
         <load_address>0x6184</load_address>
         <run_address>0x6184</run_address>
         <size>0x18</size>
         <input_file_ref idref="fl-d"/>
      </object_component>
      <object_component id="oc-2b1">
         <name>.text:GPIOPinTypeGPIOOutput</name>
         <load_address>0x619c</load_address>
         <run_address>0x619c</run_address>
         <size>0x18</size>
         <input_file_ref idref="fl-d"/>
      </object_component>
      <object_component id="oc-192">
         <name>.text:TimerIntRegister</name>
         <load_address>0x61b4</load_address>
         <run_address>0x61b4</run_address>
         <size>0x18</size>
         <input_file_ref idref="fl-11"/>
      </object_component>
      <object_component id="oc-2ea">
         <name>.text:strlen</name>
         <load_address>0x61cc</load_address>
         <run_address>0x61cc</run_address>
         <size>0x14</size>
         <input_file_ref idref="fl-dd"/>
      </object_component>
      <object_component id="oc-150">
         <name>.text:GPIOPinTypeADC</name>
         <load_address>0x61e0</load_address>
         <run_address>0x61e0</run_address>
         <size>0x12</size>
         <input_file_ref idref="fl-d"/>
      </object_component>
      <object_component id="oc-120">
         <name>.text:GPIOPinTypeGPIOInput</name>
         <load_address>0x61f2</load_address>
         <run_address>0x61f2</run_address>
         <size>0x12</size>
         <input_file_ref idref="fl-d"/>
      </object_component>
      <object_component id="oc-2b7">
         <name>.text:GPIOPinTypeSSI</name>
         <load_address>0x6204</load_address>
         <run_address>0x6204</run_address>
         <size>0x12</size>
         <input_file_ref idref="fl-d"/>
      </object_component>
      <object_component id="oc-17a">
         <name>.text:GPIOPinTypeTimer</name>
         <load_address>0x6216</load_address>
         <run_address>0x6216</run_address>
         <size>0x12</size>
         <input_file_ref idref="fl-d"/>
      </object_component>
      <object_component id="oc-19e">
         <name>.text:TimerLoadSet</name>
         <load_address>0x6228</load_address>
         <run_address>0x6228</run_address>
         <size>0x12</size>
         <input_file_ref idref="fl-11"/>
      </object_component>
      <object_component id="oc-168">
         <name>.text:ADCIntEnable</name>
         <load_address>0x623a</load_address>
         <run_address>0x623a</run_address>
         <size>0x10</size>
         <input_file_ref idref="fl-c"/>
      </object_component>
      <object_component id="oc-174">
         <name>.text:ADCSequenceEnable</name>
         <load_address>0x624a</load_address>
         <run_address>0x624a</run_address>
         <size>0xe</size>
         <input_file_ref idref="fl-c"/>
      </object_component>
      <object_component id="oc-198">
         <name>.text:TimerEnable</name>
         <load_address>0x6258</load_address>
         <run_address>0x6258</run_address>
         <size>0xe</size>
         <input_file_ref idref="fl-11"/>
      </object_component>
      <object_component id="oc-1b">
         <name>.text:decompress:none:__TI_decompress_none</name>
         <load_address>0x6266</load_address>
         <run_address>0x6266</run_address>
         <size>0xe</size>
         <input_file_ref idref="fl-d9"/>
      </object_component>
      <object_component id="oc-132">
         <name>.text:GPIOIntEnable</name>
         <load_address>0x6274</load_address>
         <run_address>0x6274</run_address>
         <size>0xc</size>
         <input_file_ref idref="fl-d"/>
      </object_component>
      <object_component id="oc-4d">
         <name>.text:decompress:ZI:__TI_zero_init</name>
         <load_address>0x6280</load_address>
         <run_address>0x6280</run_address>
         <size>0xc</size>
         <input_file_ref idref="fl-d8"/>
      </object_component>
      <object_component id="oc-27">
         <name>.text</name>
         <load_address>0x628c</load_address>
         <run_address>0x628c</run_address>
         <size>0xc</size>
         <input_file_ref idref="fl-4"/>
      </object_component>
      <object_component id="oc-138">
         <name>.text:ADCIntClear</name>
         <load_address>0x6298</load_address>
         <run_address>0x6298</run_address>
         <size>0xa</size>
         <input_file_ref idref="fl-c"/>
      </object_component>
      <object_component id="oc-2cf">
         <name>.text:SSIDataPut</name>
         <load_address>0x62a2</load_address>
         <run_address>0x62a2</run_address>
         <size>0xa</size>
         <input_file_ref idref="fl-f"/>
      </object_component>
      <object_component id="oc-2c3">
         <name>.text:SSIEnable</name>
         <load_address>0x62ac</load_address>
         <run_address>0x62ac</run_address>
         <size>0xa</size>
         <input_file_ref idref="fl-f"/>
      </object_component>
      <object_component id="oc-2d5">
         <name>.text:SSIBusy</name>
         <load_address>0x62b6</load_address>
         <run_address>0x62b6</run_address>
         <size>0x8</size>
         <input_file_ref idref="fl-f"/>
      </object_component>
      <object_component id="oc-18c">
         <name>.text:TimerIntEnable</name>
         <load_address>0x62be</load_address>
         <run_address>0x62be</run_address>
         <size>0x8</size>
         <input_file_ref idref="fl-11"/>
      </object_component>
      <object_component id="oc-223">
         <name>.text:__aeabi_errno_addr</name>
         <load_address>0x62c8</load_address>
         <run_address>0x62c8</run_address>
         <size>0x8</size>
         <input_file_ref idref="fl-df"/>
      </object_component>
      <object_component id="oc-10e">
         <name>.text:GPIOIntClear</name>
         <load_address>0x62d0</load_address>
         <run_address>0x62d0</run_address>
         <size>0x6</size>
         <input_file_ref idref="fl-d"/>
      </object_component>
      <object_component id="oc-108">
         <name>.text:GPIOPinRead</name>
         <load_address>0x62d6</load_address>
         <run_address>0x62d6</run_address>
         <size>0x6</size>
         <input_file_ref idref="fl-d"/>
      </object_component>
      <object_component id="oc-2c9">
         <name>.text:GPIOPinWrite</name>
         <load_address>0x62dc</load_address>
         <run_address>0x62dc</run_address>
         <size>0x6</size>
         <input_file_ref idref="fl-d"/>
      </object_component>
      <object_component id="oc-2b0">
         <name>.text:SysCtlDelay</name>
         <load_address>0x62e2</load_address>
         <run_address>0x62e2</run_address>
         <size>0x6</size>
         <input_file_ref idref="fl-10"/>
      </object_component>
      <object_component id="oc-144">
         <name>.text:TimerIntClear</name>
         <load_address>0x62e8</load_address>
         <run_address>0x62e8</run_address>
         <size>0x4</size>
         <input_file_ref idref="fl-11"/>
      </object_component>
      <object_component id="oc-95">
         <name>.text:_system_pre_init</name>
         <load_address>0x62ec</load_address>
         <run_address>0x62ec</run_address>
         <size>0x4</size>
         <input_file_ref idref="fl-e5"/>
      </object_component>
      <object_component id="oc-1dd">
         <name>.text:abort:abort</name>
         <load_address>0x62f0</load_address>
         <run_address>0x62f0</run_address>
         <size>0x4</size>
         <input_file_ref idref="fl-e7"/>
      </object_component>
      <object_component id="oc-2f6">
         <name>.const:asc2_2412</name>
         <load_address>0x62f8</load_address>
         <run_address>0x62f8</run_address>
         <size>0xd5c</size>
         <input_file_ref idref="fl-6"/>
      </object_component>
      <object_component id="oc-2f3">
         <name>.const:asc2_1608</name>
         <load_address>0x7054</load_address>
         <run_address>0x7054</run_address>
         <size>0x5f0</size>
         <input_file_ref idref="fl-6"/>
      </object_component>
      <object_component id="oc-2f0">
         <name>.const:asc2_1206</name>
         <load_address>0x7644</load_address>
         <run_address>0x7644</run_address>
         <size>0x474</size>
         <input_file_ref idref="fl-6"/>
      </object_component>
      <object_component id="oc-34d">
         <name>.const:$O1$$</name>
         <load_address>0x7ab8</load_address>
         <run_address>0x7ab8</run_address>
         <size>0x158</size>
         <input_file_ref idref="fl-db"/>
      </object_component>
      <object_component id="oc-363">
         <name>.const:g_ppui32GPIOIntMapSnowflake</name>
         <load_address>0x7c10</load_address>
         <run_address>0x7c10</run_address>
         <size>0xd8</size>
         <input_file_ref idref="fl-d"/>
      </object_component>
      <object_component id="oc-360">
         <name>.const:g_ppui32GPIOIntMapBlizzard</name>
         <load_address>0x7ce8</load_address>
         <run_address>0x7ce8</run_address>
         <size>0xc0</size>
         <input_file_ref idref="fl-d"/>
      </object_component>
      <object_component id="oc-29b">
         <name>.const:g_pui32GPIOBaseAddrs</name>
         <load_address>0x7da8</load_address>
         <run_address>0x7da8</run_address>
         <size>0x90</size>
         <input_file_ref idref="fl-d"/>
      </object_component>
      <object_component id="oc-294">
         <name>.const</name>
         <load_address>0x7e38</load_address>
         <run_address>0x7e38</run_address>
         <size>0x70</size>
         <input_file_ref idref="fl-e"/>
      </object_component>
      <object_component id="oc-37e">
         <name>.const:g_pui32Xtals</name>
         <load_address>0x7ea8</load_address>
         <run_address>0x7ea8</run_address>
         <size>0x6c</size>
         <input_file_ref idref="fl-10"/>
      </object_component>
      <object_component id="oc-377">
         <name>.const:g_ppui32TimerIntMap</name>
         <load_address>0x7f14</load_address>
         <run_address>0x7f14</run_address>
         <size>0x60</size>
         <input_file_ref idref="fl-11"/>
      </object_component>
      <object_component id="oc-37a">
         <name>.const:g_ppui32TimerIntMapSnowflake</name>
         <load_address>0x7f74</load_address>
         <run_address>0x7f74</run_address>
         <size>0x40</size>
         <input_file_ref idref="fl-11"/>
      </object_component>
      <object_component id="oc-2ff">
         <name>.const:.string:$P$T0$2</name>
         <load_address>0x7fb4</load_address>
         <run_address>0x7fb4</run_address>
         <size>0x4</size>
         <input_file_ref idref="fl-6"/>
      </object_component>
      <object_component id="oc-229">
         <name>.const:$O1$$</name>
         <load_address>0x7fb8</load_address>
         <run_address>0x7fb8</run_address>
         <size>0x30</size>
         <input_file_ref idref="fl-c8"/>
      </object_component>
      <object_component id="oc-42f">
         <name>.cinit..data.load</name>
         <load_address>0x7fe8</load_address>
         <run_address>0x7fe8</run_address>
         <size>0x365</size>
      </object_component>
      <object_component id="oc-42c">
         <name>__TI_handler_table</name>
         <load_address>0x8350</load_address>
         <run_address>0x8350</run_address>
         <size>0xc</size>
      </object_component>
      <object_component id="oc-430">
         <name>.cinit..bss.load</name>
         <load_address>0x8360</load_address>
         <run_address>0x8360</run_address>
         <size>0x8</size>
      </object_component>
      <object_component id="oc-42e">
         <name>.cinit..vtable.load</name>
         <load_address>0x8368</load_address>
         <run_address>0x8368</run_address>
         <size>0x8</size>
      </object_component>
      <object_component id="oc-42d">
         <name>__TI_cinit_table</name>
         <load_address>0x8370</load_address>
         <run_address>0x8370</run_address>
         <size>0x18</size>
      </object_component>
      <object_component id="oc-367">
         <name>.vtable</name>
         <uninitialized>true</uninitialized>
         <run_address>0x20000000</run_address>
         <size>0x26c</size>
         <input_file_ref idref="fl-e"/>
      </object_component>
      <object_component id="oc-100">
         <name>.data</name>
         <load_address>0x20001ab4</load_address>
         <run_address>0x20001ab4</run_address>
         <size>0x50</size>
         <input_file_ref idref="fl-3"/>
      </object_component>
      <object_component id="oc-2db">
         <name>.data:Ascii</name>
         <load_address>0x200010c4</load_address>
         <run_address>0x200010c4</run_address>
         <size>0x5f0</size>
         <input_file_ref idref="fl-5"/>
      </object_component>
      <object_component id="oc-2de">
         <name>.data</name>
         <load_address>0x20001b14</load_address>
         <run_address>0x20001b14</run_address>
         <size>0x1</size>
         <input_file_ref idref="fl-5"/>
      </object_component>
      <object_component id="oc-2e7">
         <name>.data:GRAM</name>
         <load_address>0x200016b4</load_address>
         <run_address>0x200016b4</run_address>
         <size>0x400</size>
         <input_file_ref idref="fl-6"/>
      </object_component>
      <object_component id="oc-2e4">
         <name>.data</name>
         <load_address>0x20001b04</load_address>
         <run_address>0x20001b04</run_address>
         <size>0xc</size>
         <input_file_ref idref="fl-6"/>
      </object_component>
      <object_component id="oc-32e">
         <name>.data</name>
         <load_address>0x20001b10</load_address>
         <run_address>0x20001b10</run_address>
         <size>0x4</size>
         <input_file_ref idref="fl-df"/>
      </object_component>
      <object_component id="oc-1ab">
         <name>.common:times</name>
         <uninitialized>true</uninitialized>
         <run_address>0x200010bc</run_address>
         <size>0x4</size>
      </object_component>
      <object_component id="oc-1ac">
         <name>.common:times_in_times</name>
         <uninitialized>true</uninitialized>
         <run_address>0x200010c0</run_address>
         <size>0x4</size>
      </object_component>
      <object_component id="oc-1ad">
         <name>.common:period</name>
         <uninitialized>true</uninitialized>
         <run_address>0x200010b8</run_address>
         <size>0x4</size>
      </object_component>
      <object_component id="oc-1aa">
         <name>.common:pui32ADC0Value</name>
         <uninitialized>true</uninitialized>
         <run_address>0x2000106c</run_address>
         <size>0x20</size>
      </object_component>
      <object_component id="oc-1c0">
         <name>.common:vol_a</name>
         <uninitialized>true</uninitialized>
         <run_address>0x20000e6c</run_address>
         <size>0x200</size>
      </object_component>
      <object_component id="oc-1c1">
         <name>.common:curt_a</name>
         <uninitialized>true</uninitialized>
         <run_address>0x2000026c</run_address>
         <size>0x200</size>
      </object_component>
      <object_component id="oc-fd">
         <name>.common:i</name>
         <uninitialized>true</uninitialized>
         <run_address>0x200010b4</run_address>
         <size>0x4</size>
      </object_component>
      <object_component id="oc-1d9">
         <name>.common:P</name>
         <uninitialized>true</uninitialized>
         <run_address>0x2000108c</run_address>
         <size>0x4</size>
      </object_component>
      <object_component id="oc-1db">
         <name>.common:Q</name>
         <uninitialized>true</uninitialized>
         <run_address>0x20001090</run_address>
         <size>0x4</size>
      </object_component>
      <object_component id="oc-1da">
         <name>.common:S</name>
         <uninitialized>true</uninitialized>
         <run_address>0x20001094</run_address>
         <size>0x4</size>
      </object_component>
      <object_component id="oc-1d8">
         <name>.common:cosfai</name>
         <uninitialized>true</uninitialized>
         <run_address>0x20001098</run_address>
         <size>0x4</size>
      </object_component>
      <object_component id="oc-1c2">
         <name>.common:pr_a</name>
         <uninitialized>true</uninitialized>
         <run_address>0x20000c6c</run_address>
         <size>0x200</size>
      </object_component>
      <object_component id="oc-1c3">
         <name>.common:pi_a</name>
         <uninitialized>true</uninitialized>
         <run_address>0x20000a6c</run_address>
         <size>0x200</size>
      </object_component>
      <object_component id="oc-1c4">
         <name>.common:fr_a</name>
         <uninitialized>true</uninitialized>
         <run_address>0x2000086c</run_address>
         <size>0x200</size>
      </object_component>
      <object_component id="oc-1c5">
         <name>.common:fi_a</name>
         <uninitialized>true</uninitialized>
         <run_address>0x2000066c</run_address>
         <size>0x200</size>
      </object_component>
      <object_component id="oc-1c6">
         <name>.common:f_a</name>
         <uninitialized>true</uninitialized>
         <run_address>0x2000046c</run_address>
         <size>0x200</size>
      </object_component>
      <object_component id="oc-1d6">
         <name>.common:fr_perct_a3</name>
         <uninitialized>true</uninitialized>
         <run_address>0x2000109c</run_address>
         <size>0x4</size>
      </object_component>
      <object_component id="oc-1d7">
         <name>.common:fr_perct_a5</name>
         <uninitialized>true</uninitialized>
         <run_address>0x200010a8</run_address>
         <size>0x4</size>
      </object_component>
      <object_component id="oc-1c9">
         <name>.common:fr_perct_a3_1</name>
         <uninitialized>true</uninitialized>
         <run_address>0x200010a0</run_address>
         <size>0x4</size>
      </object_component>
      <object_component id="oc-1ca">
         <name>.common:fr_perct_a5_1</name>
         <uninitialized>true</uninitialized>
         <run_address>0x200010ac</run_address>
         <size>0x4</size>
      </object_component>
      <object_component id="oc-1c7">
         <name>.common:fr_perct_a3_2</name>
         <uninitialized>true</uninitialized>
         <run_address>0x200010a4</run_address>
         <size>0x4</size>
      </object_component>
      <object_component id="oc-1c8">
         <name>.common:fr_perct_a5_2</name>
         <uninitialized>true</uninitialized>
         <run_address>0x200010b0</run_address>
         <size>0x4</size>
      </object_component>
      <object_component id="oc-24">
         <name>.stack</name>
         <uninitialized>true</uninitialized>
         <run_address>0x20001b18</run_address>
         <size>0x4</size>
         <input_file_ref idref="fl-de"/>
      </object_component>
      <object_component id="oc-432">
         <name>.stack</name>
         <uninitialized>true</uninitialized>
         <run_address>0x20001b18</run_address>
         <size>0x0</size>
      </object_component>
      <object_component id="oc-b2">
         <name>.debug_info</name>
         <load_address>0x0</load_address>
         <run_address>0x0</run_address>
         <size>0x2b5</size>
         <input_file_ref idref="fl-2"/>
      </object_component>
      <object_component id="oc-1bd">
         <name>.debug_info</name>
         <load_address>0x2b5</load_address>
         <run_address>0x2b5</run_address>
         <size>0x30a</size>
         <input_file_ref idref="fl-2"/>
      </object_component>
      <object_component id="oc-70">
         <name>.debug_info</name>
         <load_address>0x5bf</load_address>
         <run_address>0x5bf</run_address>
         <size>0x26b</size>
         <input_file_ref idref="fl-2"/>
      </object_component>
      <object_component id="oc-36">
         <name>.debug_info</name>
         <load_address>0x82a</load_address>
         <run_address>0x82a</run_address>
         <size>0x84</size>
         <input_file_ref idref="fl-2"/>
      </object_component>
      <object_component id="oc-ad">
         <name>.debug_info</name>
         <load_address>0x8ae</load_address>
         <run_address>0x8ae</run_address>
         <size>0x2a4</size>
         <input_file_ref idref="fl-2"/>
      </object_component>
      <object_component id="oc-fe">
         <name>.debug_info</name>
         <load_address>0xb52</load_address>
         <run_address>0xb52</run_address>
         <size>0xddd</size>
         <input_file_ref idref="fl-3"/>
      </object_component>
      <object_component id="oc-101">
         <name>.debug_info</name>
         <load_address>0x192f</load_address>
         <run_address>0x192f</run_address>
         <size>0x344</size>
         <input_file_ref idref="fl-3"/>
      </object_component>
      <object_component id="oc-9c">
         <name>.debug_info</name>
         <load_address>0x1c73</load_address>
         <run_address>0x1c73</run_address>
         <size>0x1cf9</size>
         <input_file_ref idref="fl-3"/>
      </object_component>
      <object_component id="oc-259">
         <name>.debug_info</name>
         <load_address>0x396c</load_address>
         <run_address>0x396c</run_address>
         <size>0x1dd</size>
         <input_file_ref idref="fl-3"/>
      </object_component>
      <object_component id="oc-75">
         <name>.debug_info</name>
         <load_address>0x3b49</load_address>
         <run_address>0x3b49</run_address>
         <size>0xbb</size>
         <input_file_ref idref="fl-3"/>
      </object_component>
      <object_component id="oc-2f">
         <name>.debug_info</name>
         <load_address>0x3c04</load_address>
         <run_address>0x3c04</run_address>
         <size>0x2a8</size>
         <input_file_ref idref="fl-4"/>
      </object_component>
      <object_component id="oc-13">
         <name>.debug_info</name>
         <load_address>0x3eac</load_address>
         <run_address>0x3eac</run_address>
         <size>0xe7</size>
         <input_file_ref idref="fl-4"/>
      </object_component>
      <object_component id="oc-2b">
         <name>.debug_info</name>
         <load_address>0x3f93</load_address>
         <run_address>0x3f93</run_address>
         <size>0x263</size>
         <input_file_ref idref="fl-4"/>
      </object_component>
      <object_component id="oc-2e2">
         <name>.debug_info</name>
         <load_address>0x41f6</load_address>
         <run_address>0x41f6</run_address>
         <size>0x4a9</size>
         <input_file_ref idref="fl-5"/>
      </object_component>
      <object_component id="oc-2dc">
         <name>.debug_info</name>
         <load_address>0x469f</load_address>
         <run_address>0x469f</run_address>
         <size>0xc7</size>
         <input_file_ref idref="fl-5"/>
      </object_component>
      <object_component id="oc-2df">
         <name>.debug_info</name>
         <load_address>0x4766</load_address>
         <run_address>0x4766</run_address>
         <size>0xd9</size>
         <input_file_ref idref="fl-5"/>
      </object_component>
      <object_component id="oc-1a7">
         <name>.debug_info</name>
         <load_address>0x483f</load_address>
         <run_address>0x483f</run_address>
         <size>0x14a3</size>
         <input_file_ref idref="fl-5"/>
      </object_component>
      <object_component id="oc-21d">
         <name>.debug_info</name>
         <load_address>0x5ce2</load_address>
         <run_address>0x5ce2</run_address>
         <size>0x8b</size>
         <input_file_ref idref="fl-5"/>
      </object_component>
      <object_component id="oc-ba">
         <name>.debug_info</name>
         <load_address>0x5d6d</load_address>
         <run_address>0x5d6d</run_address>
         <size>0x2c</size>
         <input_file_ref idref="fl-5"/>
      </object_component>
      <object_component id="oc-303">
         <name>.debug_info</name>
         <load_address>0x5d99</load_address>
         <run_address>0x5d99</run_address>
         <size>0x51b</size>
         <input_file_ref idref="fl-6"/>
      </object_component>
      <object_component id="oc-2f1">
         <name>.debug_info</name>
         <load_address>0x62b4</load_address>
         <run_address>0x62b4</run_address>
         <size>0xcb</size>
         <input_file_ref idref="fl-6"/>
      </object_component>
      <object_component id="oc-2f4">
         <name>.debug_info</name>
         <load_address>0x637f</load_address>
         <run_address>0x637f</run_address>
         <size>0xcb</size>
         <input_file_ref idref="fl-6"/>
      </object_component>
      <object_component id="oc-2f7">
         <name>.debug_info</name>
         <load_address>0x644a</load_address>
         <run_address>0x644a</run_address>
         <size>0xcb</size>
         <input_file_ref idref="fl-6"/>
      </object_component>
      <object_component id="oc-2e8">
         <name>.debug_info</name>
         <load_address>0x6515</load_address>
         <run_address>0x6515</run_address>
         <size>0xc1</size>
         <input_file_ref idref="fl-6"/>
      </object_component>
      <object_component id="oc-2e5">
         <name>.debug_info</name>
         <load_address>0x65d6</load_address>
         <run_address>0x65d6</run_address>
         <size>0x102</size>
         <input_file_ref idref="fl-6"/>
      </object_component>
      <object_component id="oc-300">
         <name>.debug_info</name>
         <load_address>0x66d8</load_address>
         <run_address>0x66d8</run_address>
         <size>0xc7</size>
         <input_file_ref idref="fl-6"/>
      </object_component>
      <object_component id="oc-1b5">
         <name>.debug_info</name>
         <load_address>0x679f</load_address>
         <run_address>0x679f</run_address>
         <size>0x125a</size>
         <input_file_ref idref="fl-6"/>
      </object_component>
      <object_component id="oc-3a2">
         <name>.debug_info</name>
         <load_address>0x79f9</load_address>
         <run_address>0x79f9</run_address>
         <size>0x110</size>
         <input_file_ref idref="fl-6"/>
      </object_component>
      <object_component id="oc-283">
         <name>.debug_info</name>
         <load_address>0x7b09</load_address>
         <run_address>0x7b09</run_address>
         <size>0x24d</size>
         <input_file_ref idref="fl-c"/>
      </object_component>
      <object_component id="oc-15e">
         <name>.debug_info</name>
         <load_address>0x7d56</load_address>
         <run_address>0x7d56</run_address>
         <size>0x333</size>
         <input_file_ref idref="fl-c"/>
      </object_component>
      <object_component id="oc-177">
         <name>.debug_info</name>
         <load_address>0x8089</load_address>
         <run_address>0x8089</run_address>
         <size>0x2a0</size>
         <input_file_ref idref="fl-c"/>
      </object_component>
      <object_component id="oc-141">
         <name>.debug_info</name>
         <load_address>0x8329</load_address>
         <run_address>0x8329</run_address>
         <size>0x2ff</size>
         <input_file_ref idref="fl-c"/>
      </object_component>
      <object_component id="oc-158">
         <name>.debug_info</name>
         <load_address>0x8628</load_address>
         <run_address>0x8628</run_address>
         <size>0x326</size>
         <input_file_ref idref="fl-c"/>
      </object_component>
      <object_component id="oc-14c">
         <name>.debug_info</name>
         <load_address>0x894e</load_address>
         <run_address>0x894e</run_address>
         <size>0x2a4</size>
         <input_file_ref idref="fl-c"/>
      </object_component>
      <object_component id="oc-28e">
         <name>.debug_info</name>
         <load_address>0x8bf2</load_address>
         <run_address>0x8bf2</run_address>
         <size>0x2bf</size>
         <input_file_ref idref="fl-c"/>
      </object_component>
      <object_component id="oc-164">
         <name>.debug_info</name>
         <load_address>0x8eb1</load_address>
         <run_address>0x8eb1</run_address>
         <size>0x2df</size>
         <input_file_ref idref="fl-c"/>
      </object_component>
      <object_component id="oc-16a">
         <name>.debug_info</name>
         <load_address>0x9190</load_address>
         <run_address>0x9190</run_address>
         <size>0x296</size>
         <input_file_ref idref="fl-c"/>
      </object_component>
      <object_component id="oc-13a">
         <name>.debug_info</name>
         <load_address>0x9426</load_address>
         <run_address>0x9426</run_address>
         <size>0x294</size>
         <input_file_ref idref="fl-c"/>
      </object_component>
      <object_component id="oc-262">
         <name>.debug_info</name>
         <load_address>0x96ba</load_address>
         <run_address>0x96ba</run_address>
         <size>0x18b</size>
         <input_file_ref idref="fl-c"/>
      </object_component>
      <object_component id="oc-267">
         <name>.debug_info</name>
         <load_address>0x9845</load_address>
         <run_address>0x9845</run_address>
         <size>0x240</size>
         <input_file_ref idref="fl-d"/>
      </object_component>
      <object_component id="oc-361">
         <name>.debug_info</name>
         <load_address>0x9a85</load_address>
         <run_address>0x9a85</run_address>
         <size>0x167</size>
         <input_file_ref idref="fl-d"/>
      </object_component>
      <object_component id="oc-364">
         <name>.debug_info</name>
         <load_address>0x9bec</load_address>
         <run_address>0x9bec</run_address>
         <size>0x169</size>
         <input_file_ref idref="fl-d"/>
      </object_component>
      <object_component id="oc-29c">
         <name>.debug_info</name>
         <load_address>0x9d55</load_address>
         <run_address>0x9d55</run_address>
         <size>0x15b</size>
         <input_file_ref idref="fl-d"/>
      </object_component>
      <object_component id="oc-2ca">
         <name>.debug_info</name>
         <load_address>0x9eb0</load_address>
         <run_address>0x9eb0</run_address>
         <size>0x2a3</size>
         <input_file_ref idref="fl-d"/>
      </object_component>
      <object_component id="oc-279">
         <name>.debug_info</name>
         <load_address>0xa153</load_address>
         <run_address>0xa153</run_address>
         <size>0x2b3</size>
         <input_file_ref idref="fl-d"/>
      </object_component>
      <object_component id="oc-127">
         <name>.debug_info</name>
         <load_address>0xa406</load_address>
         <run_address>0xa406</run_address>
         <size>0x316</size>
         <input_file_ref idref="fl-d"/>
      </object_component>
      <object_component id="oc-17b">
         <name>.debug_info</name>
         <load_address>0xa71c</load_address>
         <run_address>0xa71c</run_address>
         <size>0x27d</size>
         <input_file_ref idref="fl-d"/>
      </object_component>
      <object_component id="oc-2b9">
         <name>.debug_info</name>
         <load_address>0xa999</load_address>
         <run_address>0xa999</run_address>
         <size>0x279</size>
         <input_file_ref idref="fl-d"/>
      </object_component>
      <object_component id="oc-2b3">
         <name>.debug_info</name>
         <load_address>0xac12</load_address>
         <run_address>0xac12</run_address>
         <size>0x2b7</size>
         <input_file_ref idref="fl-d"/>
      </object_component>
      <object_component id="oc-122">
         <name>.debug_info</name>
         <load_address>0xaec9</load_address>
         <run_address>0xaec9</run_address>
         <size>0x285</size>
         <input_file_ref idref="fl-d"/>
      </object_component>
      <object_component id="oc-152">
         <name>.debug_info</name>
         <load_address>0xb14e</load_address>
         <run_address>0xb14e</run_address>
         <size>0x279</size>
         <input_file_ref idref="fl-d"/>
      </object_component>
      <object_component id="oc-10a">
         <name>.debug_info</name>
         <load_address>0xb3c7</load_address>
         <run_address>0xb3c7</run_address>
         <size>0x27b</size>
         <input_file_ref idref="fl-d"/>
      </object_component>
      <object_component id="oc-182">
         <name>.debug_info</name>
         <load_address>0xb642</load_address>
         <run_address>0xb642</run_address>
         <size>0x280</size>
         <input_file_ref idref="fl-d"/>
      </object_component>
      <object_component id="oc-26d">
         <name>.debug_info</name>
         <load_address>0xb8c2</load_address>
         <run_address>0xb8c2</run_address>
         <size>0x298</size>
         <input_file_ref idref="fl-d"/>
      </object_component>
      <object_component id="oc-12e">
         <name>.debug_info</name>
         <load_address>0xbb5a</load_address>
         <run_address>0xbb5a</run_address>
         <size>0x2bb</size>
         <input_file_ref idref="fl-d"/>
      </object_component>
      <object_component id="oc-11c">
         <name>.debug_info</name>
         <load_address>0xbe15</load_address>
         <run_address>0xbe15</run_address>
         <size>0x2cf</size>
         <input_file_ref idref="fl-d"/>
      </object_component>
      <object_component id="oc-134">
         <name>.debug_info</name>
         <load_address>0xc0e4</load_address>
         <run_address>0xc0e4</run_address>
         <size>0x28f</size>
         <input_file_ref idref="fl-d"/>
      </object_component>
      <object_component id="oc-110">
         <name>.debug_info</name>
         <load_address>0xc373</load_address>
         <run_address>0xc373</run_address>
         <size>0x28d</size>
         <input_file_ref idref="fl-d"/>
      </object_component>
      <object_component id="oc-298">
         <name>.debug_info</name>
         <load_address>0xc600</load_address>
         <run_address>0xc600</run_address>
         <size>0x20e</size>
         <input_file_ref idref="fl-e"/>
      </object_component>
      <object_component id="oc-295">
         <name>.debug_info</name>
         <load_address>0xc80e</load_address>
         <run_address>0xc80e</run_address>
         <size>0x210</size>
         <input_file_ref idref="fl-e"/>
      </object_component>
      <object_component id="oc-368">
         <name>.debug_info</name>
         <load_address>0xca1e</load_address>
         <run_address>0xca1e</run_address>
         <size>0x157</size>
         <input_file_ref idref="fl-e"/>
      </object_component>
      <object_component id="oc-272">
         <name>.debug_info</name>
         <load_address>0xcb75</load_address>
         <run_address>0xcb75</run_address>
         <size>0x2c1</size>
         <input_file_ref idref="fl-e"/>
      </object_component>
      <object_component id="oc-16f">
         <name>.debug_info</name>
         <load_address>0xce36</load_address>
         <run_address>0xce36</run_address>
         <size>0x268</size>
         <input_file_ref idref="fl-e"/>
      </object_component>
      <object_component id="oc-385">
         <name>.debug_info</name>
         <load_address>0xd09e</load_address>
         <run_address>0xd09e</run_address>
         <size>0x21c</size>
         <input_file_ref idref="fl-f"/>
      </object_component>
      <object_component id="oc-2c4">
         <name>.debug_info</name>
         <load_address>0xd2ba</load_address>
         <run_address>0xd2ba</run_address>
         <size>0x242</size>
         <input_file_ref idref="fl-f"/>
      </object_component>
      <object_component id="oc-2d1">
         <name>.debug_info</name>
         <load_address>0xd4fc</load_address>
         <run_address>0xd4fc</run_address>
         <size>0x276</size>
         <input_file_ref idref="fl-f"/>
      </object_component>
      <object_component id="oc-2bf">
         <name>.debug_info</name>
         <load_address>0xd772</load_address>
         <run_address>0xd772</run_address>
         <size>0x3d9</size>
         <input_file_ref idref="fl-f"/>
      </object_component>
      <object_component id="oc-2d8">
         <name>.debug_info</name>
         <load_address>0xdb4b</load_address>
         <run_address>0xdb4b</run_address>
         <size>0x242</size>
         <input_file_ref idref="fl-f"/>
      </object_component>
      <object_component id="oc-26a">
         <name>.debug_info</name>
         <load_address>0xdd8d</load_address>
         <run_address>0xdd8d</run_address>
         <size>0x298</size>
         <input_file_ref idref="fl-10"/>
      </object_component>
      <object_component id="oc-37f">
         <name>.debug_info</name>
         <load_address>0xe025</load_address>
         <run_address>0xe025</run_address>
         <size>0x14d</size>
         <input_file_ref idref="fl-10"/>
      </object_component>
      <object_component id="oc-116">
         <name>.debug_info</name>
         <load_address>0xe172</load_address>
         <run_address>0xe172</run_address>
         <size>0x27d</size>
         <input_file_ref idref="fl-10"/>
      </object_component>
      <object_component id="oc-1b0">
         <name>.debug_info</name>
         <load_address>0xe3ef</load_address>
         <run_address>0xe3ef</run_address>
         <size>0x2db</size>
         <input_file_ref idref="fl-10"/>
      </object_component>
      <object_component id="oc-2ac">
         <name>.debug_info</name>
         <load_address>0xe6ca</load_address>
         <run_address>0xe6ca</run_address>
         <size>0x2b5</size>
         <input_file_ref idref="fl-10"/>
      </object_component>
      <object_component id="oc-35b">
         <name>.debug_info</name>
         <load_address>0xe97f</load_address>
         <run_address>0xe97f</run_address>
         <size>0x5f</size>
         <input_file_ref idref="fl-10"/>
      </object_component>
      <object_component id="oc-287">
         <name>.debug_info</name>
         <load_address>0xe9de</load_address>
         <run_address>0xe9de</run_address>
         <size>0x223</size>
         <input_file_ref idref="fl-11"/>
      </object_component>
      <object_component id="oc-378">
         <name>.debug_info</name>
         <load_address>0xec01</load_address>
         <run_address>0xec01</run_address>
         <size>0x15a</size>
         <input_file_ref idref="fl-11"/>
      </object_component>
      <object_component id="oc-37b">
         <name>.debug_info</name>
         <load_address>0xed5b</load_address>
         <run_address>0xed5b</run_address>
         <size>0x16c</size>
         <input_file_ref idref="fl-11"/>
      </object_component>
      <object_component id="oc-1a0">
         <name>.debug_info</name>
         <load_address>0xeec7</load_address>
         <run_address>0xeec7</run_address>
         <size>0x2ba</size>
         <input_file_ref idref="fl-11"/>
      </object_component>
      <object_component id="oc-2a3">
         <name>.debug_info</name>
         <load_address>0xf181</load_address>
         <run_address>0xf181</run_address>
         <size>0x2eb</size>
         <input_file_ref idref="fl-11"/>
      </object_component>
      <object_component id="oc-193">
         <name>.debug_info</name>
         <load_address>0xf46c</load_address>
         <run_address>0xf46c</run_address>
         <size>0x2e4</size>
         <input_file_ref idref="fl-11"/>
      </object_component>
      <object_component id="oc-18e">
         <name>.debug_info</name>
         <load_address>0xf750</load_address>
         <run_address>0xf750</run_address>
         <size>0x294</size>
         <input_file_ref idref="fl-11"/>
      </object_component>
      <object_component id="oc-145">
         <name>.debug_info</name>
         <load_address>0xf9e4</load_address>
         <run_address>0xf9e4</run_address>
         <size>0x292</size>
         <input_file_ref idref="fl-11"/>
      </object_component>
      <object_component id="oc-19a">
         <name>.debug_info</name>
         <load_address>0xfc76</load_address>
         <run_address>0xfc76</run_address>
         <size>0x27f</size>
         <input_file_ref idref="fl-11"/>
      </object_component>
      <object_component id="oc-187">
         <name>.debug_info</name>
         <load_address>0xfef5</load_address>
         <run_address>0xfef5</run_address>
         <size>0x28c</size>
         <input_file_ref idref="fl-11"/>
      </object_component>
      <object_component id="oc-238">
         <name>.debug_info</name>
         <load_address>0x10181</load_address>
         <run_address>0x10181</run_address>
         <size>0x363</size>
         <input_file_ref idref="fl-c8"/>
      </object_component>
      <object_component id="oc-22a">
         <name>.debug_info</name>
         <load_address>0x104e4</load_address>
         <run_address>0x104e4</run_address>
         <size>0x128</size>
         <input_file_ref idref="fl-c8"/>
      </object_component>
      <object_component id="oc-c9">
         <name>.debug_info</name>
         <load_address>0x1060c</load_address>
         <run_address>0x1060c</run_address>
         <size>0xbdf</size>
         <input_file_ref idref="fl-c8"/>
      </object_component>
      <object_component id="oc-342">
         <name>.debug_info</name>
         <load_address>0x111eb</load_address>
         <run_address>0x111eb</run_address>
         <size>0x46</size>
         <input_file_ref idref="fl-c8"/>
      </object_component>
      <object_component id="oc-233">
         <name>.debug_info</name>
         <load_address>0x11231</load_address>
         <run_address>0x11231</run_address>
         <size>0x39</size>
         <input_file_ref idref="fl-c8"/>
      </object_component>
      <object_component id="oc-23e">
         <name>.debug_info</name>
         <load_address>0x1126a</load_address>
         <run_address>0x1126a</run_address>
         <size>0x2ca</size>
         <input_file_ref idref="fl-c9"/>
      </object_component>
      <object_component id="oc-de">
         <name>.debug_info</name>
         <load_address>0x11534</load_address>
         <run_address>0x11534</run_address>
         <size>0x24e</size>
         <input_file_ref idref="fl-c9"/>
      </object_component>
      <object_component id="oc-256">
         <name>.debug_info</name>
         <load_address>0x11782</load_address>
         <run_address>0x11782</run_address>
         <size>0x366</size>
         <input_file_ref idref="fl-ca"/>
      </object_component>
      <object_component id="oc-f8">
         <name>.debug_info</name>
         <load_address>0x11ae8</load_address>
         <run_address>0x11ae8</run_address>
         <size>0x79b</size>
         <input_file_ref idref="fl-ca"/>
      </object_component>
      <object_component id="oc-30c">
         <name>.debug_info</name>
         <load_address>0x12283</load_address>
         <run_address>0x12283</run_address>
         <size>0x28f</size>
         <input_file_ref idref="fl-cb"/>
      </object_component>
      <object_component id="oc-1cd">
         <name>.debug_info</name>
         <load_address>0x12512</load_address>
         <run_address>0x12512</run_address>
         <size>0x22a</size>
         <input_file_ref idref="fl-cb"/>
      </object_component>
      <object_component id="oc-33c">
         <name>.debug_info</name>
         <load_address>0x1273c</load_address>
         <run_address>0x1273c</run_address>
         <size>0x2fd</size>
         <input_file_ref idref="fl-cc"/>
      </object_component>
      <object_component id="oc-22d">
         <name>.debug_info</name>
         <load_address>0x12a39</load_address>
         <run_address>0x12a39</run_address>
         <size>0x225</size>
         <input_file_ref idref="fl-cc"/>
      </object_component>
      <object_component id="oc-3d3">
         <name>.debug_info</name>
         <load_address>0x12c5e</load_address>
         <run_address>0x12c5e</run_address>
         <size>0x39</size>
         <input_file_ref idref="fl-cc"/>
      </object_component>
      <object_component id="oc-33d">
         <name>.debug_info</name>
         <load_address>0x12c97</load_address>
         <run_address>0x12c97</run_address>
         <size>0x2c</size>
         <input_file_ref idref="fl-cc"/>
      </object_component>
      <object_component id="oc-3a8">
         <name>.debug_info</name>
         <load_address>0x12cc3</load_address>
         <run_address>0x12cc3</run_address>
         <size>0x366</size>
         <input_file_ref idref="fl-cd"/>
      </object_component>
      <object_component id="oc-305">
         <name>.debug_info</name>
         <load_address>0x13029</load_address>
         <run_address>0x13029</run_address>
         <size>0x796</size>
         <input_file_ref idref="fl-cd"/>
      </object_component>
      <object_component id="oc-336">
         <name>.debug_info</name>
         <load_address>0x137bf</load_address>
         <run_address>0x137bf</run_address>
         <size>0x161</size>
         <input_file_ref idref="fl-ce"/>
      </object_component>
      <object_component id="oc-d4">
         <name>.debug_info</name>
         <load_address>0x13920</load_address>
         <run_address>0x13920</run_address>
         <size>0x14c</size>
         <input_file_ref idref="fl-cf"/>
      </object_component>
      <object_component id="oc-ef">
         <name>.debug_info</name>
         <load_address>0x13a6c</load_address>
         <run_address>0x13a6c</run_address>
         <size>0x128</size>
         <input_file_ref idref="fl-d0"/>
      </object_component>
      <object_component id="oc-104">
         <name>.debug_info</name>
         <load_address>0x13b94</load_address>
         <run_address>0x13b94</run_address>
         <size>0x12a</size>
         <input_file_ref idref="fl-d0"/>
      </object_component>
      <object_component id="oc-cf">
         <name>.debug_info</name>
         <load_address>0x13cbe</load_address>
         <run_address>0x13cbe</run_address>
         <size>0x13a</size>
         <input_file_ref idref="fl-d1"/>
      </object_component>
      <object_component id="oc-e9">
         <name>.debug_info</name>
         <load_address>0x13df8</load_address>
         <run_address>0x13df8</run_address>
         <size>0x13a</size>
         <input_file_ref idref="fl-d2"/>
      </object_component>
      <object_component id="oc-da">
         <name>.debug_info</name>
         <load_address>0x13f32</load_address>
         <run_address>0x13f32</run_address>
         <size>0x12e</size>
         <input_file_ref idref="fl-d3"/>
      </object_component>
      <object_component id="oc-e4">
         <name>.debug_info</name>
         <load_address>0x14060</load_address>
         <run_address>0x14060</run_address>
         <size>0x13e</size>
         <input_file_ref idref="fl-d4"/>
      </object_component>
      <object_component id="oc-1d2">
         <name>.debug_info</name>
         <load_address>0x1419e</load_address>
         <run_address>0x1419e</run_address>
         <size>0x139</size>
         <input_file_ref idref="fl-d5"/>
      </object_component>
      <object_component id="oc-f3">
         <name>.debug_info</name>
         <load_address>0x142d7</load_address>
         <run_address>0x142d7</run_address>
         <size>0x12c</size>
         <input_file_ref idref="fl-d6"/>
      </object_component>
      <object_component id="oc-c4">
         <name>.debug_info</name>
         <load_address>0x14403</load_address>
         <run_address>0x14403</run_address>
         <size>0x12c</size>
         <input_file_ref idref="fl-d7"/>
      </object_component>
      <object_component id="oc-8e">
         <name>.debug_info</name>
         <load_address>0x1452f</load_address>
         <run_address>0x1452f</run_address>
         <size>0x2d4</size>
         <input_file_ref idref="fl-d8"/>
      </object_component>
      <object_component id="oc-50">
         <name>.debug_info</name>
         <load_address>0x14803</load_address>
         <run_address>0x14803</run_address>
         <size>0x1b5</size>
         <input_file_ref idref="fl-d8"/>
      </object_component>
      <object_component id="oc-89">
         <name>.debug_info</name>
         <load_address>0x149b8</load_address>
         <run_address>0x149b8</run_address>
         <size>0x46</size>
         <input_file_ref idref="fl-d8"/>
      </object_component>
      <object_component id="oc-46">
         <name>.debug_info</name>
         <load_address>0x149fe</load_address>
         <run_address>0x149fe</run_address>
         <size>0x2a8</size>
         <input_file_ref idref="fl-d9"/>
      </object_component>
      <object_component id="oc-1e">
         <name>.debug_info</name>
         <load_address>0x14ca6</load_address>
         <run_address>0x14ca6</run_address>
         <size>0x1ea</size>
         <input_file_ref idref="fl-d9"/>
      </object_component>
      <object_component id="oc-41">
         <name>.debug_info</name>
         <load_address>0x14e90</load_address>
         <run_address>0x14e90</run_address>
         <size>0x46</size>
         <input_file_ref idref="fl-d9"/>
      </object_component>
      <object_component id="oc-81">
         <name>.debug_info</name>
         <load_address>0x14ed6</load_address>
         <run_address>0x14ed6</run_address>
         <size>0x2c</size>
         <input_file_ref idref="fl-d9"/>
      </object_component>
      <object_component id="oc-7f">
         <name>.debug_info</name>
         <load_address>0x14f02</load_address>
         <run_address>0x14f02</run_address>
         <size>0x29e</size>
         <input_file_ref idref="fl-da"/>
      </object_component>
      <object_component id="oc-17">
         <name>.debug_info</name>
         <load_address>0x151a0</load_address>
         <run_address>0x151a0</run_address>
         <size>0x250</size>
         <input_file_ref idref="fl-da"/>
      </object_component>
      <object_component id="oc-31">
         <name>.debug_info</name>
         <load_address>0x153f0</load_address>
         <run_address>0x153f0</run_address>
         <size>0x60</size>
         <input_file_ref idref="fl-da"/>
      </object_component>
      <object_component id="oc-b3">
         <name>.debug_info</name>
         <load_address>0x15450</load_address>
         <run_address>0x15450</run_address>
         <size>0x46</size>
         <input_file_ref idref="fl-da"/>
      </object_component>
      <object_component id="oc-7a">
         <name>.debug_info</name>
         <load_address>0x15496</load_address>
         <run_address>0x15496</run_address>
         <size>0x39</size>
         <input_file_ref idref="fl-da"/>
      </object_component>
      <object_component id="oc-351">
         <name>.debug_info</name>
         <load_address>0x154cf</load_address>
         <run_address>0x154cf</run_address>
         <size>0x3aa</size>
         <input_file_ref idref="fl-db"/>
      </object_component>
      <object_component id="oc-34e">
         <name>.debug_info</name>
         <load_address>0x15879</load_address>
         <run_address>0x15879</run_address>
         <size>0x13a</size>
         <input_file_ref idref="fl-db"/>
      </object_component>
      <object_component id="oc-24a">
         <name>.debug_info</name>
         <load_address>0x159b3</load_address>
         <run_address>0x159b3</run_address>
         <size>0x72f</size>
         <input_file_ref idref="fl-db"/>
      </object_component>
      <object_component id="oc-39d">
         <name>.debug_info</name>
         <load_address>0x160e2</load_address>
         <run_address>0x160e2</run_address>
         <size>0x29a</size>
         <input_file_ref idref="fl-dc"/>
      </object_component>
      <object_component id="oc-2fa">
         <name>.debug_info</name>
         <load_address>0x1637c</load_address>
         <run_address>0x1637c</run_address>
         <size>0x292</size>
         <input_file_ref idref="fl-dc"/>
      </object_component>
      <object_component id="oc-395">
         <name>.debug_info</name>
         <load_address>0x1660e</load_address>
         <run_address>0x1660e</run_address>
         <size>0x28f</size>
         <input_file_ref idref="fl-dd"/>
      </object_component>
      <object_component id="oc-2eb">
         <name>.debug_info</name>
         <load_address>0x1689d</load_address>
         <run_address>0x1689d</run_address>
         <size>0x245</size>
         <input_file_ref idref="fl-dd"/>
      </object_component>
      <object_component id="oc-25">
         <name>.debug_info</name>
         <load_address>0x16ae2</load_address>
         <run_address>0x16ae2</run_address>
         <size>0x10b</size>
         <input_file_ref idref="fl-de"/>
      </object_component>
      <object_component id="oc-5b">
         <name>.debug_info</name>
         <load_address>0x16bed</load_address>
         <run_address>0x16bed</run_address>
         <size>0x1a9</size>
         <input_file_ref idref="fl-de"/>
      </object_component>
      <object_component id="oc-332">
         <name>.debug_info</name>
         <load_address>0x16d96</load_address>
         <run_address>0x16d96</run_address>
         <size>0x289</size>
         <input_file_ref idref="fl-df"/>
      </object_component>
      <object_component id="oc-32f">
         <name>.debug_info</name>
         <load_address>0x1701f</load_address>
         <run_address>0x1701f</run_address>
         <size>0x10e</size>
         <input_file_ref idref="fl-df"/>
      </object_component>
      <object_component id="oc-224">
         <name>.debug_info</name>
         <load_address>0x1712d</load_address>
         <run_address>0x1712d</run_address>
         <size>0x14e</size>
         <input_file_ref idref="fl-df"/>
      </object_component>
      <object_component id="oc-34c">
         <name>.debug_info</name>
         <load_address>0x1727b</load_address>
         <run_address>0x1727b</run_address>
         <size>0x28d</size>
         <input_file_ref idref="fl-e0"/>
      </object_component>
      <object_component id="oc-244">
         <name>.debug_info</name>
         <load_address>0x17508</load_address>
         <run_address>0x17508</run_address>
         <size>0x327</size>
         <input_file_ref idref="fl-e0"/>
      </object_component>
      <object_component id="oc-354">
         <name>.debug_info</name>
         <load_address>0x1782f</load_address>
         <run_address>0x1782f</run_address>
         <size>0x292</size>
         <input_file_ref idref="fl-e1"/>
      </object_component>
      <object_component id="oc-250">
         <name>.debug_info</name>
         <load_address>0x17ac1</load_address>
         <run_address>0x17ac1</run_address>
         <size>0x380</size>
         <input_file_ref idref="fl-e1"/>
      </object_component>
      <object_component id="oc-3d">
         <name>.debug_info</name>
         <load_address>0x17e41</load_address>
         <run_address>0x17e41</run_address>
         <size>0x119</size>
         <input_file_ref idref="fl-e2"/>
      </object_component>
      <object_component id="oc-90">
         <name>.debug_info</name>
         <load_address>0x17f5a</load_address>
         <run_address>0x17f5a</run_address>
         <size>0x147</size>
         <input_file_ref idref="fl-e3"/>
      </object_component>
      <object_component id="oc-319">
         <name>.debug_info</name>
         <load_address>0x180a1</load_address>
         <run_address>0x180a1</run_address>
         <size>0x4b3</size>
         <input_file_ref idref="fl-e4"/>
      </object_component>
      <object_component id="oc-1ea">
         <name>.debug_info</name>
         <load_address>0x18554</load_address>
         <run_address>0x18554</run_address>
         <size>0x1a6</size>
[...]
      </symbol>
      <symbol id="sm-239">
         <name>UC1701InverseDisable</name>
         <value>0x39f5</value>
         <object_component_ref idref="oc-1a4"/>
      </symbol>
      <symbol id="sm-23a">
         <name>UC1701DisplayN</name>
         <value>0x38ed</value>
         <object_component_ref idref="oc-1a4"/>
      </symbol>
      <symbol id="sm-23b">
         <name>UC1701BRSet</name>
         <value>0x3a4f</value>
         <object_component_ref idref="oc-1a4"/>
      </symbol>
      <symbol id="sm-23c">
         <name>UC1701ComDirSet</name>
         <value>0x3a77</value>
         <object_component_ref idref="oc-1a4"/>
      </symbol>
      <symbol id="sm-23d">
         <name>UC1701InverseEnable</name>
         <value>0x39ed</value>
         <object_component_ref idref="oc-1a4"/>
      </symbol>
      <symbol id="sm-23e">
         <name>inverse_factor</name>
         <value>0x20001b14</value>
         <object_component_ref idref="oc-2de"/>
      </symbol>
      <symbol id="sm-23f">
         <name>UC1701AllPixelOnDisable</name>
         <value>0x3a07</value>
         <object_component_ref idref="oc-1a4"/>
      </symbol>
      <symbol id="sm-240">
         <name>Ascii</name>
         <value>0x200010c4</value>
         <object_component_ref idref="oc-2db"/>
      </symbol>
      <symbol id="sm-241">
         <name>UC1701CharDispaly</name>
         <value>0x37b1</value>
         <object_component_ref idref="oc-1a4"/>
      </symbol>
      <symbol id="sm-322">
         <name>uiDisplayerRefresh</name>
         <value>0x1677</value>
         <object_component_ref idref="oc-1b4"/>
      </symbol>
      <symbol id="sm-323">
         <name>uiDisplayDrawBlock</name>
         <value>0x1a49</value>
         <object_component_ref idref="oc-1b4"/>
      </symbol>
      <symbol id="sm-324">
         <name>g_first_key</name>
         <value>0x20001b04</value>
         <object_component_ref idref="oc-2e4"/>
      </symbol>
      <symbol id="sm-325">
         <name>asc2_1608</name>
         <value>0x7054</value>
         <object_component_ref idref="oc-2f3"/>
      </symbol>
      <symbol id="sm-326">
         <name>uiGRAMClear</name>
         <value>0x1613</value>
         <object_component_ref idref="oc-1b4"/>
      </symbol>
      <symbol id="sm-327">
         <name>g_first_displayer</name>
         <value>0x20001b08</value>
         <object_component_ref idref="oc-2e4"/>
      </symbol>
      <symbol id="sm-328">
         <name>uiDisplayInit</name>
         <value>0x15fb</value>
         <object_component_ref idref="oc-1b4"/>
      </symbol>
      <symbol id="sm-329">
         <name>uiDisplayEraseBlock</name>
         <value>0x1be5</value>
         <object_component_ref idref="oc-1b4"/>
      </symbol>
      <symbol id="sm-32a">
         <name>uiDisplayDrawPoint</name>
         <value>0x16f3</value>
         <object_component_ref idref="oc-1b4"/>
      </symbol>
      <symbol id="sm-32b">
         <name>uiDisplayDrawLine</name>
         <value>0x1785</value>
         <object_component_ref idref="oc-1b4"/>
      </symbol>
      <symbol id="sm-32c">
         <name>GRAM</name>
         <value>0x200016b4</value>
         <object_component_ref idref="oc-2e7"/>
      </symbol>
      <symbol id="sm-32d">
         <name>uiDisplayErasePoint</name>
         <value>0x1737</value>
         <object_component_ref idref="oc-1b4"/>
      </symbol>
      <symbol id="sm-32e">
         <name>uiDisplayDrawFrame</name>
         <value>0x19e5</value>
         <object_component_ref idref="oc-1b4"/>
      </symbol>
      <symbol id="sm-32f">
         <name>uiKeyInit</name>
         <value>0x1569</value>
         <object_component_ref idref="oc-1b4"/>
      </symbol>
      <symbol id="sm-330">
         <name>uiDisplayClear</name>
         <value>0x160b</value>
         <object_component_ref idref="oc-1b4"/>
      </symbol>
      <symbol id="sm-331">
         <name>uiDisplayShowString</name>
         <value>0x2003</value>
         <object_component_ref idref="oc-1b4"/>
      </symbol>
      <symbol id="sm-332">
         <name>uiDisplayDrawCircle</name>
         <value>0x1d85</value>
         <object_component_ref idref="oc-1b4"/>
      </symbol>
      <symbol id="sm-333">
         <name>uiKeysRefresh</name>
         <value>0x15df</value>
         <object_component_ref idref="oc-1b4"/>
      </symbol>
      <symbol id="sm-334">
         <name>asc2_2412</name>
         <value>0x62f8</value>
         <object_component_ref idref="oc-2f6"/>
      </symbol>
      <symbol id="sm-335">
         <name>uiDisplayShowChar</name>
         <value>0x1edb</value>
         <object_component_ref idref="oc-1b4"/>
      </symbol>
      <symbol id="sm-336">
         <name>asc2_1206</name>
         <value>0x7644</value>
         <object_component_ref idref="oc-2f0"/>
      </symbol>
      <symbol id="sm-39a">
         <name>ADCProcessorTrigger</name>
         <value>0x616d</value>
         <object_component_ref idref="oc-14a"/>
      </symbol>
      <symbol id="sm-39b">
         <name>ADCSequenceEnable</name>
         <value>0x624b</value>
         <object_component_ref idref="oc-174"/>
      </symbol>
      <symbol id="sm-39c">
         <name>ADCSequenceConfigure</name>
         <value>0x5d47</value>
         <object_component_ref idref="oc-156"/>
      </symbol>
      <symbol id="sm-39d">
         <name>ADCIntEnable</name>
         <value>0x623b</value>
         <object_component_ref idref="oc-168"/>
      </symbol>
      <symbol id="sm-39e">
         <name>ADCSequenceStepConfigure</name>
         <value>0x5a5d</value>
         <object_component_ref idref="oc-15c"/>
      </symbol>
      <symbol id="sm-39f">
         <name>ADCIntClear</name>
         <value>0x6299</value>
         <object_component_ref idref="oc-138"/>
      </symbol>
      <symbol id="sm-3a0">
         <name>ADCIntRegister</name>
         <value>0x6155</value>
         <object_component_ref idref="oc-162"/>
      </symbol>
      <symbol id="sm-3a1">
         <name>ADCSequenceDataGet</name>
         <value>0x611d</value>
         <object_component_ref idref="oc-13e"/>
      </symbol>
      <symbol id="sm-442">
         <name>GPIOIntRegister</name>
         <value>0x6185</value>
         <object_component_ref idref="oc-11a"/>
      </symbol>
      <symbol id="sm-443">
         <name>GPIOPinConfigure</name>
         <value>0x5e35</value>
         <object_component_ref idref="oc-180"/>
      </symbol>
      <symbol id="sm-444">
         <name>GPIOIntEnable</name>
         <value>0x6275</value>
         <object_component_ref idref="oc-132"/>
      </symbol>
      <symbol id="sm-445">
         <name>GPIOIntTypeSet</name>
         <value>0x5cf1</value>
         <object_component_ref idref="oc-12c"/>
      </symbol>
      <symbol id="sm-446">
         <name>GPIOPinTypeADC</name>
         <value>0x61e1</value>
         <object_component_ref idref="oc-150"/>
      </symbol>
      <symbol id="sm-447">
         <name>GPIOPinTypeGPIOInput</name>
         <value>0x61f3</value>
         <object_component_ref idref="oc-120"/>
      </symbol>
      <symbol id="sm-448">
         <name>GPIOIntClear</name>
         <value>0x62d1</value>
         <object_component_ref idref="oc-10e"/>
      </symbol>
      <symbol id="sm-449">
         <name>GPIOPinTypeGPIOOutput</name>
         <value>0x619d</value>
         <object_component_ref idref="oc-2b1"/>
      </symbol>
      <symbol id="sm-44a">
         <name>GPIOPinRead</name>
         <value>0x62d7</value>
         <object_component_ref idref="oc-108"/>
      </symbol>
      <symbol id="sm-44b">
         <name>GPIODirModeSet</name>
         <value>0x60cf</value>
         <object_component_ref idref="oc-278"/>
      </symbol>
      <symbol id="sm-44c">
         <name>GPIOPinWrite</name>
         <value>0x62dd</value>
         <object_component_ref idref="oc-2c9"/>
      </symbol>
      <symbol id="sm-44d">
         <name>GPIOPadConfigSet</name>
         <value>0x527b</value>
         <object_component_ref idref="oc-126"/>
      </symbol>
      <symbol id="sm-44e">
         <name>GPIOPinTypeSSI</name>
         <value>0x6205</value>
         <object_component_ref idref="oc-2b7"/>
      </symbol>
      <symbol id="sm-44f">
         <name>GPIOPinTypeTimer</name>
         <value>0x6217</value>
         <object_component_ref idref="oc-17a"/>
      </symbol>
      <symbol id="sm-488">
         <name>IntEnable</name>
         <value>0x5bc1</value>
         <object_component_ref idref="oc-16e"/>
      </symbol>
      <symbol id="sm-489">
         <name>IntRegister</name>
         <value>0x6005</value>
         <object_component_ref idref="oc-271"/>
      </symbol>
      <symbol id="sm-48a">
         <name>g_pfnRAMVectors</name>
         <value>0x20000000</value>
         <object_component_ref idref="oc-367"/>
      </symbol>
      <symbol id="sm-4b1">
         <name>SSIDataPut</name>
         <value>0x62a3</value>
         <object_component_ref idref="oc-2cf"/>
      </symbol>
      <symbol id="sm-4b2">
         <name>SSIConfigSetExpClk</name>
         <value>0x5f91</value>
         <object_component_ref idref="oc-2bd"/>
      </symbol>
      <symbol id="sm-4b3">
         <name>SSIEnable</name>
         <value>0x62ad</value>
         <object_component_ref idref="oc-2c3"/>
      </symbol>
      <symbol id="sm-4b4">
         <name>SSIBusy</name>
         <value>0x62b7</value>
         <object_component_ref idref="oc-2d5"/>
      </symbol>
      <symbol id="sm-506">
         <name>SysCtlClockSet</name>
         <value>0x57c1</value>
         <object_component_ref idref="oc-1ae"/>
      </symbol>
      <symbol id="sm-507">
         <name>SysCtlDelay</name>
         <value>0x62e3</value>
         <object_component_ref idref="oc-2b0"/>
      </symbol>
      <symbol id="sm-508">
         <name>SysCtlPeripheralEnable</name>
         <value>0x6039</value>
         <object_component_ref idref="oc-114"/>
      </symbol>
      <symbol id="sm-509">
         <name>SysCtlClockGet</name>
         <value>0x53ad</value>
         <object_component_ref idref="oc-2aa"/>
      </symbol>
      <symbol id="sm-564">
         <name>TimerLoadSet</name>
         <value>0x6229</value>
         <object_component_ref idref="oc-19e"/>
      </symbol>
      <symbol id="sm-565">
         <name>TimerIntRegister</name>
         <value>0x61b5</value>
         <object_component_ref idref="oc-192"/>
      </symbol>
      <symbol id="sm-566">
         <name>TimerEnable</name>
         <value>0x6259</value>
         <object_component_ref idref="oc-198"/>
      </symbol>
      <symbol id="sm-567">
         <name>TimerIntEnable</name>
         <value>0x62bf</value>
         <object_component_ref idref="oc-18c"/>
      </symbol>
      <symbol id="sm-568">
         <name>TimerConfigure</name>
         <value>0x5c91</value>
         <object_component_ref idref="oc-186"/>
      </symbol>
      <symbol id="sm-569">
         <name>TimerIntClear</name>
         <value>0x62e9</value>
         <object_component_ref idref="oc-144"/>
      </symbol>
      <symbol id="sm-601">
         <name>pow</name>
         <value>0x2331</value>
         <object_component_ref idref="oc-c8"/>
      </symbol>
      <symbol id="sm-602">
         <name>powl</name>
         <value>0x2331</value>
         <object_component_ref idref="oc-c8"/>
      </symbol>
      <symbol id="sm-624">
         <name>sqrtl</name>
         <value>0x4fed</value>
         <object_component_ref idref="oc-dd"/>
      </symbol>
      <symbol id="sm-625">
         <name>sqrt</name>
         <value>0x4fed</value>
         <object_component_ref idref="oc-dd"/>
      </symbol>
      <symbol id="sm-676">
         <name>cosl</name>
         <value>0x3a91</value>
         <object_component_ref idref="oc-f7"/>
      </symbol>
      <symbol id="sm-677">
         <name>cos</name>
         <value>0x3a91</value>
         <object_component_ref idref="oc-f7"/>
      </symbol>
      <symbol id="sm-694">
         <name>floorl</name>
         <value>0x56c9</value>
         <object_component_ref idref="oc-1cb"/>
      </symbol>
      <symbol id="sm-695">
         <name>floor</name>
         <value>0x56c9</value>
         <object_component_ref idref="oc-1cb"/>
      </symbol>
      <symbol id="sm-6bc">
         <name>scalbn</name>
         <value>0x54bd</value>
         <object_component_ref idref="oc-22c"/>
      </symbol>
      <symbol id="sm-6bd">
         <name>scalbnl</name>
         <value>0x54bd</value>
         <object_component_ref idref="oc-22c"/>
      </symbol>
      <symbol id="sm-6be">
         <name>ldexpl</name>
         <value>0x54bd</value>
         <object_component_ref idref="oc-22c"/>
      </symbol>
      <symbol id="sm-6bf">
         <name>ldexp</name>
         <value>0x54bd</value>
         <object_component_ref idref="oc-22c"/>
      </symbol>
      <symbol id="sm-70b">
         <name>sin</name>
         <value>0x406d</value>
         <object_component_ref idref="oc-304"/>
      </symbol>
      <symbol id="sm-70c">
         <name>sinl</name>
         <value>0x406d</value>
         <object_component_ref idref="oc-304"/>
      </symbol>
      <symbol id="sm-716">
         <name>copysign</name>
         <value>0x613b</value>
         <object_component_ref idref="oc-335"/>
      </symbol>
      <symbol id="sm-717">
         <name>copysignl</name>
         <value>0x613b</value>
         <object_component_ref idref="oc-335"/>
      </symbol>
      <symbol id="sm-72e">
         <name>__aeabi_dsub</name>
         <value>0x4b55</value>
         <object_component_ref idref="oc-d3"/>
      </symbol>
      <symbol id="sm-72f">
         <name>__aeabi_dadd</name>
         <value>0x4b5f</value>
         <object_component_ref idref="oc-d3"/>
      </symbol>
      <symbol id="sm-751">
         <name>__aeabi_cdcmpeq</name>
         <value>0x5951</value>
         <object_component_ref idref="oc-ed"/>
      </symbol>
      <symbol id="sm-752">
         <name>__aeabi_cdcmple</name>
         <value>0x5951</value>
         <object_component_ref idref="oc-ed"/>
      </symbol>
      <symbol id="sm-753">
         <name>__aeabi_cdrcmple</name>
         <value>0x59d7</value>
         <object_component_ref idref="oc-103"/>
      </symbol>
      <symbol id="sm-767">
         <name>__aeabi_ddiv</name>
         <value>0x5145</value>
         <object_component_ref idref="oc-ce"/>
      </symbol>
      <symbol id="sm-772">
         <name>__aeabi_dmul</name>
         <value>0x55cd</value>
         <object_component_ref idref="oc-e8"/>
      </symbol>
      <symbol id="sm-77c">
         <name>__aeabi_d2iz</name>
         <value>0x5e7d</value>
         <object_component_ref idref="oc-d8"/>
      </symbol>
      <symbol id="sm-788">
         <name>__aeabi_d2f</name>
         <value>0x5b51</value>
         <object_component_ref idref="oc-e3"/>
      </symbol>
      <symbol id="sm-792">
         <name>__aeabi_d2uiz</name>
         <value>0x5f4d</value>
         <object_component_ref idref="oc-1d1"/>
      </symbol>
      <symbol id="sm-79d">
         <name>__aeabi_f2d</name>
         <value>0x5fcd</value>
         <object_component_ref idref="oc-f2"/>
      </symbol>
      <symbol id="sm-7a7">
         <name>__aeabi_i2d</name>
         <value>0x60a1</value>
         <object_component_ref idref="oc-c3"/>
      </symbol>
      <symbol id="sm-7b9">
         <name>__TI_zero_init</name>
         <value>0x6281</value>
         <object_component_ref idref="oc-4d"/>
      </symbol>
      <symbol id="sm-7d0">
         <name>__TI_decompress_none</name>
         <value>0x6267</value>
         <object_component_ref idref="oc-1b"/>
      </symbol>
      <symbol id="sm-7f3">
         <name>__TI_decompress_lzss</name>
         <value>0x5c29</value>
         <object_component_ref idref="oc-15"/>
      </symbol>
      <symbol id="sm-859">
         <name>__kernel_rem_pio2</name>
         <value>0x2cf1</value>
         <object_component_ref idref="oc-249"/>
      </symbol>
      <symbol id="sm-869">
         <name>memcmp</name>
         <value>0x60f9</value>
         <object_component_ref idref="oc-2f9"/>
      </symbol>
      <symbol id="sm-877">
         <name>strlen</name>
         <value>0x61cd</value>
         <object_component_ref idref="oc-2ea"/>
      </symbol>
      <symbol id="sm-88a">
         <name>__stack</name>
         <value>0x20001b18</value>
         <object_component_ref idref="oc-24"/>
      </symbol>
      <symbol id="sm-88b">
         <name>_c_int00_noargs</name>
         <value>0x606d</value>
         <object_component_ref idref="oc-59"/>
      </symbol>
      <symbol id="sm-8a1">
         <name>__aeabi_errno_addr</name>
         <value>0x62c9</value>
         <object_component_ref idref="oc-223"/>
      </symbol>
      <symbol id="sm-8a2">
         <name>errno</name>
         <value>0x20001b10</value>
         <object_component_ref idref="oc-32e"/>
      </symbol>
      <symbol id="sm-8b8">
         <name>__kernel_cos</name>
         <value>0x4e81</value>
         <object_component_ref idref="oc-243"/>
      </symbol>
      <symbol id="sm-8cf">
         <name>__kernel_sin</name>
         <value>0x4d0d</value>
         <object_component_ref idref="oc-24f"/>
      </symbol>
      <symbol id="sm-8ea">
         <name>memcpy</name>
         <value>0x58b5</value>
         <object_component_ref idref="oc-3b"/>
      </symbol>
      <symbol id="sm-8eb">
         <name>__aeabi_memcpy</name>
         <value>0x58b5</value>
         <object_component_ref idref="oc-3b"/>
      </symbol>
      <symbol id="sm-8ec">
         <name>__aeabi_memcpy8</name>
         <value>0x58b5</value>
         <object_component_ref idref="oc-3b"/>
      </symbol>
      <symbol id="sm-8ed">
         <name>__aeabi_memcpy4</name>
         <value>0x58b5</value>
         <object_component_ref idref="oc-3b"/>
      </symbol>
      <symbol id="sm-8fc">
         <name>__aeabi_memset</name>
         <value>0x5ad9</value>
         <object_component_ref idref="oc-8f"/>
      </symbol>
      <symbol id="sm-8fd">
         <name>memset</name>
         <value>0x5adf</value>
         <object_component_ref idref="oc-8f"/>
      </symbol>
      <symbol id="sm-8fe">
         <name>__aeabi_memset8</name>
         <value>0x5ad9</value>
         <object_component_ref idref="oc-8f"/>
      </symbol>
      <symbol id="sm-8ff">
         <name>__aeabi_memset4</name>
         <value>0x5ad9</value>
         <object_component_ref idref="oc-8f"/>
      </symbol>
      <symbol id="sm-900">
         <name>__aeabi_memclr8</name>
         <value>0x5ad7</value>
         <object_component_ref idref="oc-8f"/>
      </symbol>
      <symbol id="sm-901">
         <name>__aeabi_memclr4</name>
         <value>0x5ad7</value>
         <object_component_ref idref="oc-8f"/>
      </symbol>
      <symbol id="sm-902">
         <name>__aeabi_memclr</name>
         <value>0x5ad7</value>
         <object_component_ref idref="oc-8f"/>
      </symbol>
      <symbol id="sm-92a">
         <name>__TI_auto_init_nobinit_nopinit</name>
         <value>0x5f09</value>
         <object_component_ref idref="oc-1e9"/>
      </symbol>
      <symbol id="sm-934">
         <name>_system_pre_init</name>
         <value>0x62ed</value>
         <object_component_ref idref="oc-95"/>
      </symbol>
      <symbol id="sm-940">
         <name>C$$EXIT</name>
         <value>0x62f1</value>
         <object_component_ref idref="oc-1dd"/>
      </symbol>
      <symbol id="sm-941">
         <name>abort</name>
         <value>0x62f1</value>
         <object_component_ref idref="oc-1dd"/>
      </symbol>
      <symbol id="sm-944">
         <name>__TI_static_base__</name>
         <value>0x0</value>
      </symbol>
      <symbol id="sm-947">
         <name>__mpu_init</name>
         <value>0x0</value>
      </symbol>
      <symbol id="sm-948">
         <name>_system_post_cinit</name>
         <value>0x0</value>
      </symbol>
   </symbol_table>
   <title>Link successful</title>
</link_info>
